Archive member included to satisfy reference by file (symbol)

/usr/lib/gcc/arm-none-eabi/13.2.1/../../../arm-none-eabi/lib/thumb/v6-m/nofp/libstdc++.a(guard.o)
                              CMakeFiles/event_logger.dir/src/main.cpp.o (__cxa_guard_acquire)
/usr/lib/gcc/arm-none-eabi/13.2.1/../../../arm-none-eabi/lib/thumb/v6-m/nofp/libstdc++.a(guard_error.o)
                              /usr/lib/gcc/arm-none-eabi/13.2.1/../../../arm-none-eabi/lib/thumb/v6-m/nofp/libstdc++.a(guard.o) (__gnu_cxx::recursive_init_error::~recursive_init_error())
/usr/lib/gcc/arm-none-eabi/13.2.1/../../../arm-none-eabi/lib/thumb/v6-m/nofp/libstdc++.a(si_class_type_info.o)
                              /usr/lib/gcc/arm-none-eabi/13.2.1/../../../arm-none-eabi/lib/thumb/v6-m/nofp/libstdc++.a(guard_error.o) (vtable for __cxxabiv1::__si_class_type_info)
/usr/lib/gcc/arm-none-eabi/13.2.1/../../../arm-none-eabi/lib/thumb/v6-m/nofp/libstdc++.a(tinfo.o)
                              /usr/lib/gcc/arm-none-eabi/13.2.1/../../../arm-none-eabi/lib/thumb/v6-m/nofp/libstdc++.a(si_class_type_info.o) (std::type_info::__is_pointer_p() const)
/usr/lib/gcc/arm-none-eabi/13.2.1/../../../arm-none-eabi/lib/thumb/v6-m/nofp/libstdc++.a(class_type_info.o)
                              /usr/lib/gcc/arm-none-eabi/13.2.1/../../../arm-none-eabi/lib/thumb/v6-m/nofp/libstdc++.a(si_class_type_info.o) (__cxxabiv1::__class_type_info::__do_upcast(__cxxabiv1::__class_type_info const*, void**) const)
/usr/lib/gcc/arm-none-eabi/13.2.1/../../../arm-none-eabi/lib/thumb/v6-m/nofp/libstdc++.a(eh_alloc.o)
                              /usr/lib/gcc/arm-none-eabi/13.2.1/../../../arm-none-eabi/lib/thumb/v6-m/nofp/libstdc++.a(guard.o) (__cxa_allocate_exception)
/usr/lib/gcc/arm-none-eabi/13.2.1/../../../arm-none-eabi/lib/thumb/v6-m/nofp/libstdc++.a(eh_exception.o)
                              /usr/lib/gcc/arm-none-eabi/13.2.1/../../../arm-none-eabi/lib/thumb/v6-m/nofp/libstdc++.a(guard_error.o) (std::exception::~exception())
/usr/lib/gcc/arm-none-eabi/13.2.1/../../../arm-none-eabi/lib/thumb/v6-m/nofp/libstdc++.a(eh_terminate.o)
                              /usr/lib/gcc/arm-none-eabi/13.2.1/../../../arm-none-eabi/lib/thumb/v6-m/nofp/libstdc++.a(eh_alloc.o) (std::terminate())
/usr/lib/gcc/arm-none-eabi/13.2.1/../../../arm-none-eabi/lib/thumb/v6-m/nofp/libstdc++.a(eh_throw.o)
                              /usr/lib/gcc/arm-none-eabi/13.2.1/../../../arm-none-eabi/lib/thumb/v6-m/nofp/libstdc++.a(guard.o) (__cxa_throw)
/usr/lib/gcc/arm-none-eabi/13.2.1/../../../arm-none-eabi/lib/thumb/v6-m/nofp/libstdc++.a(eh_unex_handler.o)
                              /usr/lib/gcc/arm-none-eabi/13.2.1/../../../arm-none-eabi/lib/thumb/v6-m/nofp/libstdc++.a(eh_terminate.o) (__cxxabiv1::__unexpected_handler)
/usr/lib/gcc/arm-none-eabi/13.2.1/../../../arm-none-eabi/lib/thumb/v6-m/nofp/libstdc++.a(eh_catch.o)
                              /usr/lib/gcc/arm-none-eabi/13.2.1/../../../arm-none-eabi/lib/thumb/v6-m/nofp/libstdc++.a(eh_terminate.o) (__cxa_begin_catch)
/usr/lib/gcc/arm-none-eabi/13.2.1/../../../arm-none-eabi/lib/thumb/v6-m/nofp/libstdc++.a(eh_globals.o)
                              /usr/lib/gcc/arm-none-eabi/13.2.1/../../../arm-none-eabi/lib/thumb/v6-m/nofp/libstdc++.a(eh_catch.o) (__cxa_get_globals_fast)
/usr/lib/gcc/arm-none-eabi/13.2.1/../../../arm-none-eabi/lib/thumb/v6-m/nofp/libstdc++.a(eh_personality.o)
                              /usr/lib/gcc/arm-none-eabi/13.2.1/../../../arm-none-eabi/lib/thumb/v6-m/nofp/libstdc++.a(eh_terminate.o) (__gxx_personality_v0)
/usr/lib/gcc/arm-none-eabi/13.2.1/../../../arm-none-eabi/lib/thumb/v6-m/nofp/libstdc++.a(eh_term_handler.o)
                              /usr/lib/gcc/arm-none-eabi/13.2.1/../../../arm-none-eabi/lib/thumb/v6-m/nofp/libstdc++.a(eh_terminate.o) (__cxxabiv1::__terminate_handler)
/usr/lib/gcc/arm-none-eabi/13.2.1/../../../arm-none-eabi/lib/thumb/v6-m/nofp/libstdc++.a(eh_arm.o)
                              /usr/lib/gcc/arm-none-eabi/13.2.1/../../../arm-none-eabi/lib/thumb/v6-m/nofp/libstdc++.a(eh_personality.o) (__cxa_type_match)
/usr/lib/gcc/arm-none-eabi/13.2.1/../../../arm-none-eabi/lib/thumb/v6-m/nofp/libstdc++.a(eh_call.o)
                              /usr/lib/gcc/arm-none-eabi/13.2.1/../../../arm-none-eabi/lib/thumb/v6-m/nofp/libstdc++.a(eh_personality.o) (__cxa_call_terminate)
/usr/lib/gcc/arm-none-eabi/13.2.1/thumb/v6-m/nofp/libgcc.a(_dvmd_tls.o)
                              CMakeFiles/event_logger.dir/home/kazu/mint/pico/pico-sdk/src/rp2_common/pico_divider/divider_hardware.S.o (__aeabi_idiv0)
/usr/lib/gcc/arm-none-eabi/13.2.1/thumb/v6-m/nofp/libgcc.a(unwind-arm.o)
                              /usr/lib/gcc/arm-none-eabi/13.2.1/../../../arm-none-eabi/lib/thumb/v6-m/nofp/libstdc++.a(guard.o) (__aeabi_unwind_cpp_pr0)
/usr/lib/gcc/arm-none-eabi/13.2.1/thumb/v6-m/nofp/libgcc.a(libunwind.o)
                              /usr/lib/gcc/arm-none-eabi/13.2.1/thumb/v6-m/nofp/libgcc.a(unwind-arm.o) (restore_core_regs)
[...]
Memory Configuration

Name             Origin             Length             Attributes
FLASH            0x10000000         0x00200000         xr
RAM              0x20000000         0x00040000         xrw
SCRATCH_X        0x20040000         0x00001000         xrw
SCRATCH_Y        0x20041000         0x00001000         xrw
*default*        0x00000000         0xffffffff

Linker script and memory map

LOAD /usr/lib/gcc/arm-none-eabi/13.2.1/thumb/v6-m/nofp/crti.o
LOAD /usr/lib/gcc/arm-none-eabi/13.2.1/thumb/v6-m/nofp/crtbegin.o
LOAD /usr/lib/gcc/arm-none-eabi/13.2.1/../../../arm-none-eabi/lib/thumb/v6-m/nofp/crt0.o

.flash_begin    0x10000000        0x0
                0x10000000                        __flash_binary_start = .

.boot2          0x10000000      0x100
                0x10000000                        __boot2_start__ = .
 *(.boot2)
 .boot2         0x10000000      0x100 pico-sdk/src/rp2040/boot_stage2/CMakeFiles/bs2_default_library.dir/bs2_default_padded_checksummed.S.o
                0x10000100                        __boot2_end__ = .
                0x00000001                        ASSERT (((__boot2_end__ - __boot2_start__) == 0x100), ERROR: Pico second stage bootloader must be 256 bytes in size)

.text           0x10000100     0xce08
                0x10000100                        __logical_binary_start = .
 *(.vectors)
 .vectors       0x10000100       0xd4 CMakeFiles/event_logger.dir/home/kazu/mint/pico/pico-sdk/src/rp2_common/pico_crt0/crt0.S.o
                0x10000100                __vectors
                0x10000100                __VECTOR_TABLE
                0x100001c0                isr_irq30
                0x100001c0                __unhandled_user_irq
                0x100001c0                isr_irq13
                0x100001c0                isr_irq27
                0x100001c0                isr_irq31
                0x100001c0                isr_irq5
                0x100001c0                isr_irq11
                0x100001c0                isr_irq23
                0x100001c0                isr_irq18
                0x100001c0                isr_irq28
                0x100001c0                isr_irq19
                0x100001c0                isr_irq0
                0x100001c0                isr_irq6
                0x100001c0                isr_irq22
                0x100001c0                isr_irq17
                0x100001c0                isr_irq14
                0x100001c0                __vectors_end
                0x100001c0                __default_isrs_start
                0x100001c0                isr_irq2
                0x100001c0                isr_irq10
                0x100001c0                isr_irq8
                0x100001c0                isr_irq24
                0x100001c0                isr_irq1
                0x100001c0                isr_irq7
                0x100001c0                isr_irq21
                0x100001c0                isr_irq20
                0x100001c0                isr_irq15
                0x100001c0                isr_irq25
                0x100001c0                isr_irq4
                0x100001c0                isr_irq16
                0x100001c0                isr_irq29
                0x100001c0                isr_irq26
                0x100001c0                isr_irq3
                0x100001c0                isr_irq12
                0x100001c0                isr_irq9
                0x100001c6                unhandled_user_irq_num_in_r0
                0x100001c8                isr_invalid
                0x100001ca                isr_nmi
                0x100001cc                isr_hardfault
                0x100001ce                isr_svcall
                0x100001d0                isr_pendsv
                0x100001d2                isr_systick
                0x100001d4                __default_isrs_end
 *(.binary_info_header)
 .binary_info_header
                0x100001d4       0x14 CMakeFiles/event_logger.dir/home/kazu/mint/pico/pico-sdk/src/rp2_common/pico_crt0/crt0.S.o
                0x100001e8                        __binary_info_header_end = .
 *(.embedded_block)
                0x100001e8                        __embedded_block_end = .
 *(.reset)
 .reset         0x100001e8       0x9c CMakeFiles/event_logger.dir/home/kazu/mint/pico/pico-sdk/src/rp2_common/pico_crt0/crt0.S.o
                0x100001e8                _entry_point
 *(.init)
 .init          0x10000284        0x4 /usr/lib/gcc/arm-none-eabi/13.2.1/thumb/v6-m/nofp/crti.o
                0x10000284                _init
 *(EXCLUDE_FILE(*libm.a: *libc.a:*lib_a-mem*.o *libgcc.a:) .text*)
 .text          0x10000288       0x98 /usr/lib/gcc/arm-none-eabi/13.2.1/thumb/v6-m/nofp/crtbegin.o
 .text._ZL8app_taskPv
                0x10000320       0x78 CMakeFiles/event_logger.dir/src/main.cpp.o
 .text.__tcf_0  0x10000398       0x10 CMakeFiles/event_logger.dir/src/main.cpp.o
 .text.startup.main
                0x100003a8      0x1fc CMakeFiles/event_logger.dir/src/main.cpp.o
                0x100003a8                main
 .text._ZN11EventLoggerC2ER7UartDmaP15FlashLogStorage
                0x100005a4       0x18 CMakeFiles/event_logger.dir/src/EventLogger.cpp.o
                0x100005a4                EventLogger::EventLogger(UartDma&, FlashLogStorage*)
                0x100005a4                EventLogger::EventLogger(UartDma&, FlashLogStorage*)
 .text._ZN11EventLogger4initEj
                0x100005bc       0x18 CMakeFiles/event_logger.dir/src/EventLogger.cpp.o
                0x100005bc                EventLogger::init(unsigned int)
 .text._ZN11EventLogger8taskLoopEv
                0x100005d4      0x124 CMakeFiles/event_logger.dir/src/EventLogger.cpp.o
                0x100005d4                EventLogger::taskLoop()
 .text._ZN11EventLogger9taskEntryEPv
                0x100006f8       0x18 CMakeFiles/event_logger.dir/src/EventLogger.cpp.o
                0x100006f8                EventLogger::taskEntry(void*)
 .text._ZN11EventLogger10buildFrameERK8LogEventPhj
                0x10000710       0xd8 CMakeFiles/event_logger.dir/src/EventLogger.cpp.o
                0x10000710                EventLogger::buildFrame(LogEvent const&, unsigned char*, unsigned int)
 .text.led_init
                0x100007e8       0x18 CMakeFiles/event_logger.dir/src/led25.c.o
                0x100007e8                led_init
 .text.led_sw   0x10000800       0x24 CMakeFiles/event_logger.dir/src/led25.c.o
                0x10000800                led_sw
 .text.vApplicationStackOverflowHook
                0x10000824        0x4 CMakeFiles/event_logger.dir/src/freertos_hooks.c.o
                0x10000824                vApplicationStackOverflowHook
 .text.vApplicationMallocFailedHook
                0x10000828        0x4 CMakeFiles/event_logger.dir/src/freertos_hooks.c.o
                0x10000828                vApplicationMallocFailedHook
 .text._ZN7UartDma18dma_irq_trampolineEv
                0x1000082c      0x184 CMakeFiles/event_logger.dir/src/UartDma.cpp.o
                0x1000082c                UartDma::dma_irq_trampoline()
 .text._ZN7UartDmaC2EP9uart_instmjjjj
                0x100009b0       0x9c CMakeFiles/event_logger.dir/src/UartDma.cpp.o
                0x100009b0                UartDma::UartDma(uart_inst*, unsigned long, unsigned int, unsigned int, unsigned int, unsigned int)
                0x100009b0                UartDma::UartDma(uart_inst*, unsigned long, unsigned int, unsigned int, unsigned int, unsigned int)
 .text._ZN7UartDmaD2Ev
                0x10000a4c       0x7c CMakeFiles/event_logger.dir/src/UartDma.cpp.o
                0x10000a4c                UartDma::~UartDma()
                0x10000a4c                UartDma::~UartDma()
 .text._ZN7UartDma4initEv
                0x10000ac8      0x190 CMakeFiles/event_logger.dir/src/UartDma.cpp.o
                0x10000ac8                UartDma::init()
 .text._ZN7UartDma11write_frameEPKht
                0x10000c58       0xac CMakeFiles/event_logger.dir/src/UartDma.cpp.o
                0x10000c58                UartDma::write_frame(unsigned char const*, unsigned short)
 .text._ZN7UartDma21write_buffer_blockingEPKhj
                0x10000d04       0xac CMakeFiles/event_logger.dir/src/UartDma.cpp.o
                0x10000d04                UartDma::write_buffer_blocking(unsigned char const*, unsigned int)
 .text._ZN15FlashLogStorageC2ER11FlashDrivermm
                0x10000db0       0x1c CMakeFiles/event_logger.dir/src/FlashLogStorage.cpp.o
                0x10000db0                FlashLogStorage::FlashLogStorage(FlashDriver&, unsigned long, unsigned long)
                0x10000db0                FlashLogStorage::FlashLogStorage(FlashDriver&, unsigned long, unsigned long)
 .text._ZN15FlashLogStorage12eraseLogAreaEv
                0x10000dcc       0x54 CMakeFiles/event_logger.dir/src/FlashLogStorage.cpp.o
                0x10000dcc                FlashLogStorage::eraseLogArea()
 .text._ZN15FlashLogStorage21rebuildIndexFromFlashEv
                0x10000e20      0x174 CMakeFiles/event_logger.dir/src/FlashLogStorage.cpp.o
                0x10000e20                FlashLogStorage::rebuildIndexFromFlash()
 .text._ZN15FlashLogStorage19restoreWriteAddressEv
                0x10000f94       0x14 CMakeFiles/event_logger.dir/src/FlashLogStorage.cpp.o
                0x10000f94                FlashLogStorage::restoreWriteAddress()
 .text._ZN15FlashLogStorage4initEv
                0x10000fa8       0x38 CMakeFiles/event_logger.dir/src/FlashLogStorage.cpp.o
                0x10000fa8                FlashLogStorage::init()
 .text._ZN15FlashLogStorage21dumpFramesOldestFirstEv
                0x10000fe0      0x1a0 CMakeFiles/event_logger.dir/src/FlashLogStorage.cpp.o
                0x10000fe0                FlashLogStorage::dumpFramesOldestFirst()
 .text._ZN15FlashLogStorage14isValidFrameAtEmP14LogFrameHeaderPj
                0x10001180      0x104 CMakeFiles/event_logger.dir/src/FlashLogStorage.cpp.o
                0x10001180                FlashLogStorage::isValidFrameAt(unsigned long, LogFrameHeader*, unsigned int*)
 .text._ZN15FlashLogStorage30invalidateFramesInErasedSectorEm.part.0
                0x10001284      0x178 CMakeFiles/event_logger.dir/src/FlashLogStorage.cpp.o
 .text._ZN15FlashLogStorage6appendEPKhj
                0x100013fc      0x184 CMakeFiles/event_logger.dir/src/FlashLogStorage.cpp.o
                0x100013fc                FlashLogStorage::append(unsigned char const*, unsigned int)
 .text._ZNK15FlashLogStorage15getWriteAddressEv
                0x10001580        0x4 CMakeFiles/event_logger.dir/src/FlashLogStorage.cpp.o
                0x10001580                FlashLogStorage::getWriteAddress() const
 .text._ZN15FlashLogStorage25readFramesOldestFirstTestEv
                0x10001584      0x218 CMakeFiles/event_logger.dir/src/FlashLogStorage.cpp.o
                0x10001584                FlashLogStorage::readFramesOldestFirstTest()
 .text._ZN15FlashLogStorage21sendFramesOldestFirstER7UartDma
                0x1000179c      0x1f4 CMakeFiles/event_logger.dir/src/FlashLogStorage.cpp.o
                0x1000179c                FlashLogStorage::sendFramesOldestFirst(UartDma&)
 .text._ZN11FlashDriverC2EP8spi_instjjjjm
                0x10001990       0x14 CMakeFiles/event_logger.dir/src/FlashDriver.cpp.o
                0x10001990                FlashDriver::FlashDriver(spi_inst*, unsigned int, unsigned int, unsigned int, unsigned int, unsigned long)
                0x10001990                FlashDriver::FlashDriver(spi_inst*, unsigned int, unsigned int, unsigned int, unsigned int, unsigned long)
 .text._ZN11FlashDriver4initEv
                0x100019a4       0xa4 CMakeFiles/event_logger.dir/src/FlashDriver.cpp.o
                0x100019a4                FlashDriver::init()
 .text._ZN11FlashDriver11writeEnableEm
                0x10001a48       0xf4 CMakeFiles/event_logger.dir/src/FlashDriver.cpp.o
                0x10001a48                FlashDriver::writeEnable(unsigned long)
 .text._ZN11FlashDriver13waitWhileBusyEm
                0x10001b3c       0xc4 CMakeFiles/event_logger.dir/src/FlashDriver.cpp.o
                0x10001b3c                FlashDriver::waitWhileBusy(unsigned long)
 .text._ZN11FlashDriver4readEmPhj
                0x10001c00       0x6c CMakeFiles/event_logger.dir/src/FlashDriver.cpp.o
                0x10001c00                FlashDriver::read(unsigned long, unsigned char*, unsigned int)
 .text._ZN11FlashDriver11pageProgramEmPKhj
                0x10001c6c       0x90 CMakeFiles/event_logger.dir/src/FlashDriver.cpp.o
                0x10001c6c                FlashDriver::pageProgram(unsigned long, unsigned char const*, unsigned int)
 .text._ZN11FlashDriver11sectorEraseEm
                0x10001cfc       0x5c CMakeFiles/event_logger.dir/src/FlashDriver.cpp.o
                0x10001cfc                FlashDriver::sectorErase(unsigned long)
 .text._ZN5Crc329calculateEPKhj
                0x10001d58       0x88 CMakeFiles/event_logger.dir/src/Crc32.cpp.o
                0x10001d58                Crc32::calculate(unsigned char const*, unsigned int)
 .text._Z37test_flash_storage_restore_after_wrapR15FlashLogStorageR11EventLogger
                0x10001de0      0x178 CMakeFiles/event_logger.dir/check/check.cpp.o
                0x10001de0                test_flash_storage_restore_after_wrap(FlashLogStorage&, EventLogger&)
 .text._Z36test_flash_storage_dump_oldest_firstR15FlashLogStorage
                0x10001f58       0x34 CMakeFiles/event_logger.dir/check/check.cpp.o
                0x10001f58                test_flash_storage_dump_oldest_first(FlashLogStorage&)
 .text.gpio_set_function
                0x10001f8c       0x34 CMakeFiles/event_logger.dir/home/kazu/mint/pico/pico-sdk/src/rp2_common/hardware_gpio/gpio.c.o
                0x10001f8c                gpio_set_function
 .text.gpio_init
                0x10001fc0       0x40 CMakeFiles/event_logger.dir/home/kazu/mint/pico/pico-sdk/src/rp2_common/hardware_gpio/gpio.c.o
                0x10001fc0                gpio_init
 .text.rp2040_chip_version
                0x10002000        0xc CMakeFiles/event_logger.dir/home/kazu/mint/pico/pico-sdk/src/rp2040/pico_platform/platform.c.o
                0x10002000                rp2040_chip_version
 .text.panic    0x1000200c       0x30 CMakeFiles/event_logger.dir/home/kazu/mint/pico/pico-sdk/src/rp2_common/pico_platform_panic/panic.c.o
                0x1000200c                panic
 .text.panic_unsupported
                0x1000203c        0xc CMakeFiles/event_logger.dir/home/kazu/mint/pico/pico-sdk/src/rp2_common/pico_platform_panic/panic.c.o
                0x1000203c                panic_unsupported
 .text.hw_claim_or_assert
                0x10002048       0x44 CMakeFiles/event_logger.dir/home/kazu/mint/pico/pico-sdk/src/common/hardware_claim/claim.c.o
                0x10002048                hw_claim_or_assert
 .text.hw_claim_unused_from_range
                0x1000208c       0x9c CMakeFiles/event_logger.dir/home/kazu/mint/pico/pico-sdk/src/common/hardware_claim/claim.c.o
                0x1000208c                hw_claim_unused_from_range
 .text.hw_claim_clear
                0x10002128       0x38 CMakeFiles/event_logger.dir/home/kazu/mint/pico/pico-sdk/src/common/hardware_claim/claim.c.o
                0x10002128                hw_claim_clear
 .text.next_striped_spin_lock_num
                0x10002160       0x18 CMakeFiles/event_logger.dir/home/kazu/mint/pico/pico-sdk/src/rp2_common/hardware_sync/sync.c.o
                0x10002160                next_striped_spin_lock_num
 .text.spin_lock_claim_unused
                0x10002178       0x24 CMakeFiles/event_logger.dir/home/kazu/mint/pico/pico-sdk/src/rp2_common/hardware_sync/sync.c.o
                0x10002178                spin_lock_claim_unused
 .text.spin_locks_reset
                0x1000219c       0x1c CMakeFiles/event_logger.dir/home/kazu/mint/pico/pico-sdk/src/rp2_common/hardware_sync_spin_lock/sync_spin_lock.c.o
                0x1000219c                spin_locks_reset
 .text.runtime_init_per_core_irq_priorities
                0x100021b8       0x24 CMakeFiles/event_logger.dir/home/kazu/mint/pico/pico-sdk/src/rp2_common/hardware_irq/irq.c.o
                0x100021b8                runtime_init_per_core_irq_priorities
 .text.irq_set_enabled
                0x100021dc       0x24 CMakeFiles/event_logger.dir/home/kazu/mint/pico/pico-sdk/src/rp2_common/hardware_irq/irq.c.o
                0x100021dc                irq_set_enabled
 .text.irq_is_enabled
                0x10002200       0x18 CMakeFiles/event_logger.dir/home/kazu/mint/pico/pico-sdk/src/rp2_common/hardware_irq/irq.c.o
                0x10002200                irq_is_enabled
 .text.irq_set_pending
                0x10002218       0x10 CMakeFiles/event_logger.dir/home/kazu/mint/pico/pico-sdk/src/rp2_common/hardware_irq/irq.c.o
                0x10002218                irq_set_pending
 .text.irq_has_shared_handler
                0x10002228       0x24 CMakeFiles/event_logger.dir/home/kazu/mint/pico/pico-sdk/src/rp2_common/hardware_irq/irq.c.o
                0x10002228                irq_has_shared_handler
 .text.irq_set_exclusive_handler
                0x1000224c       0x54 CMakeFiles/event_logger.dir/home/kazu/mint/pico/pico-sdk/src/rp2_common/hardware_irq/irq.c.o
                0x1000224c                irq_set_exclusive_handler
 .text.irq_add_shared_handler
                0x100022a0      0x1f4 CMakeFiles/event_logger.dir/home/kazu/mint/pico/pico-sdk/src/rp2_common/hardware_irq/irq.c.o
                0x100022a0                irq_add_shared_handler
 .text.irq_set_priority
                0x10002494       0x28 CMakeFiles/event_logger.dir/home/kazu/mint/pico/pico-sdk/src/rp2_common/hardware_irq/irq.c.o
                0x10002494                irq_set_priority
 .text.irq_add_tail_to_free_list
                0x100024bc       0xb4 CMakeFiles/event_logger.dir/home/kazu/mint/pico/pico-sdk/src/rp2_common/hardware_irq/irq.c.o
                0x100024bc                irq_add_tail_to_free_list
 .text.user_irq_claim_unused
                0x10002570       0x2c CMakeFiles/event_logger.dir/home/kazu/mint/pico/pico-sdk/src/rp2_common/hardware_irq/irq.c.o
                0x10002570                user_irq_claim_unused
 .text.lock_init
                0x1000259c       0x10 CMakeFiles/event_logger.dir/home/kazu/mint/pico/pico-sdk/src/common/pico_sync/lock_core.c.o
                0x1000259c                lock_init
 .text.runtime_init_mutex
                0x100025ac       0x54 CMakeFiles/event_logger.dir/home/kazu/mint/pico/pico-sdk/src/common/pico_sync/mutex.c.o
                0x100025ac                runtime_init_mutex
 .text.mutex_init
                0x10002600       0x1c CMakeFiles/event_logger.dir/home/kazu/mint/pico/pico-sdk/src/common/pico_sync/mutex.c.o
                0x10002600                mutex_init
 .text.critical_section_init
                0x1000261c       0x1c CMakeFiles/event_logger.dir/home/kazu/mint/pico/pico-sdk/src/common/pico_sync/critical_section.c.o
                0x1000261c                critical_section_init
 .text.critical_section_init_with_lock_num
                0x10002638       0x14 CMakeFiles/event_logger.dir/home/kazu/mint/pico/pico-sdk/src/common/pico_sync/critical_section.c.o
                0x10002638                critical_section_init_with_lock_num
 .text.alarm_pool_irq_handler
                0x1000264c      0x2fc CMakeFiles/event_logger.dir/home/kazu/mint/pico/pico-sdk/src/common/pico_time/time.c.o
 .text.sleep_until_callback
                0x10002948       0x24 CMakeFiles/event_logger.dir/home/kazu/mint/pico/pico-sdk/src/common/pico_time/time.c.o
 .text.runtime_init_default_alarm_pool
                0x1000296c       0xdc CMakeFiles/event_logger.dir/home/kazu/mint/pico/pico-sdk/src/common/pico_time/time.c.o
                0x1000296c                runtime_init_default_alarm_pool
 .text.alarm_pool_get_default
                0x10002a48        0x8 CMakeFiles/event_logger.dir/home/kazu/mint/pico/pico-sdk/src/common/pico_time/time.c.o
                0x10002a48                alarm_pool_get_default
 .text.alarm_pool_add_alarm_at
                0x10002a50       0xd4 CMakeFiles/event_logger.dir/home/kazu/mint/pico/pico-sdk/src/common/pico_time/time.c.o
                0x10002a50                alarm_pool_add_alarm_at
 .text.alarm_pool_add_alarm_at_force_in_context
                0x10002b24       0xb0 CMakeFiles/event_logger.dir/home/kazu/mint/pico/pico-sdk/src/common/pico_time/time.c.o
                0x10002b24                alarm_pool_add_alarm_at_force_in_context
 .text.alarm_pool_cancel_alarm
                0x10002bd4       0x74 CMakeFiles/event_logger.dir/home/kazu/mint/pico/pico-sdk/src/common/pico_time/time.c.o
                0x10002bd4                alarm_pool_cancel_alarm
 .text.alarm_pool_core_num
                0x10002c48        0x4 CMakeFiles/event_logger.dir/home/kazu/mint/pico/pico-sdk/src/common/pico_time/time.c.o
                0x10002c48                alarm_pool_core_num
 .text.sleep_until
                0x10002c4c       0xcc CMakeFiles/event_logger.dir/home/kazu/mint/pico/pico-sdk/src/common/pico_time/time.c.o
                0x10002c4c                sleep_until
 .text.sleep_us
                0x10002d18       0x28 CMakeFiles/event_logger.dir/home/kazu/mint/pico/pico-sdk/src/common/pico_time/time.c.o
                0x10002d18                sleep_us
 .text.sleep_ms
                0x10002d40       0x38 CMakeFiles/event_logger.dir/home/kazu/mint/pico/pico-sdk/src/common/pico_time/time.c.o
                0x10002d40                sleep_ms
 .text.best_effort_wfe_or_timeout
                0x10002d78       0xf8 CMakeFiles/event_logger.dir/home/kazu/mint/pico/pico-sdk/src/common/pico_time/time.c.o
                0x10002d78                best_effort_wfe_or_timeout
 .text.timer_hardware_alarm_claim
                0x10002e70       0x14 CMakeFiles/event_logger.dir/home/kazu/mint/pico/pico-sdk/src/rp2_common/hardware_timer/timer.c.o
                0x10002e70                timer_hardware_alarm_claim
 .text.timer_time_us_64
                0x10002e84       0x10 CMakeFiles/event_logger.dir/home/kazu/mint/pico/pico-sdk/src/rp2_common/hardware_timer/timer.c.o
                0x10002e84                timer_time_us_64
 .text.time_us_64
                0x10002e94       0x14 CMakeFiles/event_logger.dir/home/kazu/mint/pico/pico-sdk/src/rp2_common/hardware_timer/timer.c.o
                0x10002e94                time_us_64
 .text.busy_wait_us
                0x10002ea8       0x68 CMakeFiles/event_logger.dir/home/kazu/mint/pico/pico-sdk/src/rp2_common/hardware_timer/timer.c.o
                0x10002ea8                busy_wait_us
 .text.busy_wait_until
                0x10002f10       0x20 CMakeFiles/event_logger.dir/home/kazu/mint/pico/pico-sdk/src/rp2_common/hardware_timer/timer.c.o
                0x10002f10                busy_wait_until
 .text.uart_init
                0x10002f30      0x120 CMakeFiles/event_logger.dir/home/kazu/mint/pico/pico-sdk/src/rp2_common/hardware_uart/uart.c.o
                0x10002f30                uart_init
 .text.uart_set_format
                0x10003050       0x78 CMakeFiles/event_logger.dir/home/kazu/mint/pico/pico-sdk/src/rp2_common/hardware_uart/uart.c.o
                0x10003050                uart_set_format
 .text.uart_set_fifo_enabled
                0x100030c8       0x5c CMakeFiles/event_logger.dir/home/kazu/mint/pico/pico-sdk/src/rp2_common/hardware_uart/uart.c.o
                0x100030c8                uart_set_fifo_enabled
 .text.clock_configure_int_divider
                0x10003124       0xf4 CMakeFiles/event_logger.dir/home/kazu/mint/pico/pico-sdk/src/rp2_common/hardware_clocks/clocks.c.o
                0x10003124                clock_configure_int_divider
 .text.clock_configure_undivided
                0x10003218       0xe8 CMakeFiles/event_logger.dir/home/kazu/mint/pico/pico-sdk/src/rp2_common/hardware_clocks/clocks.c.o
                0x10003218                clock_configure_undivided
 .text.clock_get_hz
                0x10003300        0xc CMakeFiles/event_logger.dir/home/kazu/mint/pico/pico-sdk/src/rp2_common/hardware_clocks/clocks.c.o
                0x10003300                clock_get_hz
 .text.pll_init
                0x1000330c       0xa4 CMakeFiles/event_logger.dir/home/kazu/mint/pico/pico-sdk/src/rp2_common/hardware_pll/pll.c.o
                0x1000330c                pll_init
 .text.watchdog_reboot
                0x100033b0       0x9c CMakeFiles/event_logger.dir/home/kazu/mint/pico/pico-sdk/src/rp2_common/hardware_watchdog/watchdog.c.o
                0x100033b0                watchdog_reboot
 .text.tick_start
                0x1000344c       0x10 CMakeFiles/event_logger.dir/home/kazu/mint/pico/pico-sdk/src/rp2_common/hardware_ticks/ticks.c.o
                0x1000344c                tick_start
 .text.rom_func_lookup
                0x1000345c       0x10 CMakeFiles/event_logger.dir/home/kazu/mint/pico/pico-sdk/src/rp2_common/pico_bootrom/bootrom.c.o
                0x1000345c                rom_func_lookup
 .text.rom_data_lookup
                0x1000346c       0x10 CMakeFiles/event_logger.dir/home/kazu/mint/pico/pico-sdk/src/rp2_common/pico_bootrom/bootrom.c.o
                0x1000346c                rom_data_lookup
 .text.rom_funcs_lookup
                0x1000347c       0x44 CMakeFiles/event_logger.dir/home/kazu/mint/pico/pico-sdk/src/rp2_common/pico_bootrom/bootrom.c.o
                0x1000347c                rom_funcs_lookup
 .text.rom_reset_usb_boot_extra
                0x100034c0       0x28 CMakeFiles/event_logger.dir/home/kazu/mint/pico/pico-sdk/src/rp2_common/pico_bootrom/bootrom.c.o
                0x100034c0                rom_reset_usb_boot_extra
 .text.xosc_init
                0x100034e8       0x28 CMakeFiles/event_logger.dir/home/kazu/mint/pico/pico-sdk/src/rp2_common/hardware_xosc/xosc.c.o
                0x100034e8                xosc_init
 .text.first_per_core_initializer
                0x10003510        0x4 CMakeFiles/event_logger.dir/home/kazu/mint/pico/pico-sdk/src/rp2_common/pico_runtime/runtime.c.o
 .text.hard_assertion_failure
                0x10003514        0xc CMakeFiles/event_logger.dir/home/kazu/mint/pico/pico-sdk/src/rp2_common/pico_runtime/runtime.c.o
                0x10003514                hard_assertion_failure
 .text.runtime_run_initializers
                0x10003520       0x28 CMakeFiles/event_logger.dir/home/kazu/mint/pico/pico-sdk/src/rp2_common/pico_runtime/runtime.c.o
                0x10003520                runtime_run_initializers
 .text.runtime_init_early_resets
                0x10003548       0x2c CMakeFiles/event_logger.dir/home/kazu/mint/pico/pico-sdk/src/rp2_common/pico_runtime_init/runtime_init.c.o
                0x10003548                runtime_init_early_resets
 .text.runtime_init_usb_power_down
                0x10003574       0x1c CMakeFiles/event_logger.dir/home/kazu/mint/pico/pico-sdk/src/rp2_common/pico_runtime_init/runtime_init.c.o
                0x10003574                runtime_init_usb_power_down
 .text.runtime_init_post_clock_resets
                0x10003590       0x20 CMakeFiles/event_logger.dir/home/kazu/mint/pico/pico-sdk/src/rp2_common/pico_runtime_init/runtime_init.c.o
                0x10003590                runtime_init_post_clock_resets
 .text.runtime_init_rp2040_gpio_ie_disable
                0x100035b0       0x14 CMakeFiles/event_logger.dir/home/kazu/mint/pico/pico-sdk/src/rp2_common/pico_runtime_init/runtime_init.c.o
                0x100035b0                runtime_init_rp2040_gpio_ie_disable
 .text.runtime_init_spin_locks_reset
                0x100035c4        0x8 CMakeFiles/event_logger.dir/home/kazu/mint/pico/pico-sdk/src/rp2_common/pico_runtime_init/runtime_init.c.o
                0x100035c4                runtime_init_spin_locks_reset
 .text.runtime_init_install_ram_vector_table
                0x100035cc       0xb4 CMakeFiles/event_logger.dir/home/kazu/mint/pico/pico-sdk/src/rp2_common/pico_runtime_init/runtime_init.c.o
                0x100035cc                runtime_init_install_ram_vector_table
 .text.runtime_init_clocks
                0x10003680       0xd8 CMakeFiles/event_logger.dir/home/kazu/mint/pico/pico-sdk/src/rp2_common/pico_runtime_init/runtime_init_clocks.c.o
                0x10003680                runtime_init_clocks
 .text          0x10003758       0x10 CMakeFiles/event_logger.dir/home/kazu/mint/pico/pico-sdk/src/rp2_common/pico_bit_ops/bit_ops_aeabi.S.o
 .text.ctzsi    0x10003768        0xc CMakeFiles/event_logger.dir/home/kazu/mint/pico/pico-sdk/src/rp2_common/pico_bit_ops/bit_ops_aeabi.S.o
                0x10003768                __wrap___ctzsi2
 .text.__wrap___aeabi_idiv
                0x10003774       0x50 CMakeFiles/event_logger.dir/home/kazu/mint/pico/pico-sdk/src/rp2_common/pico_divider/divider_hardware.S.o
                0x10003774                __wrap___aeabi_idivmod
                0x10003774                divmod_s32s32
                0x10003774                div_s32s32
                0x10003774                __wrap___aeabi_idiv
                0x1000377c                divmod_s32s32_unsafe
                0x100037a8                divmod_s32s32_savestate
 .text.__wrap___aeabi_uidiv
                0x100037c4       0x4c CMakeFiles/event_logger.dir/home/kazu/mint/pico/pico-sdk/src/rp2_common/pico_divider/divider_hardware.S.o
                0x100037c4                __wrap___aeabi_uidiv
                0x100037c4                __wrap___aeabi_uidivmod
                0x100037c4                div_u32u32
                0x100037c4                divmod_u32u32
                0x100037cc                divmod_u32u32_unsafe
                0x100037f4                divmod_u32u32_savestate
 .text.__wrap___aeabi_ldiv
                0x10003810      0x424 CMakeFiles/event_logger.dir/home/kazu/mint/pico/pico-sdk/src/rp2_common/pico_divider/divider_hardware.S.o
                0x10003810                div_s64s64
                0x10003810                divmod_s64s64
                0x10003810                __wrap___aeabi_ldivmod
                0x10003840                div_u64u64
                0x10003840                divmod_u64u64
                0x10003840                __wrap___aeabi_uldivmod
                0x10003850                divmod_u64u64_savestate
                0x10003870                divmod_s64s64_unsafe
                0x100038f8                divmod_u64u64_unsafe
 .text.__wrap___aeabi_darithmetic
                0x10003c34       0x80 CMakeFiles/event_logger.dir/home/kazu/mint/pico/pico-sdk/src/rp2_common/pico_double/double_aeabi_rp2040.S.o
                0x10003c34                __wrap___aeabi_drsub
                0x10003c3a                __wrap___aeabi_dsub
                0x10003c4c                __wrap___aeabi_dadd
                0x10003c5e                __wrap___aeabi_ddiv
                0x10003c9a                __wrap___aeabi_dmul
 .text.__wrap___aeabi_cdcmple
                0x10003cb4       0x6c CMakeFiles/event_logger.dir/home/kazu/mint/pico/pico-sdk/src/rp2_common/pico_double/double_aeabi_rp2040.S.o
                0x10003cb4                __wrap___aeabi_cdrcmple
                0x10003cc4                __wrap___aeabi_cdcmple
                0x10003cc4                __wrap___aeabi_cdcmpeq
 .text.__wrap___aeabi_dcmplt
                0x10003d20        0xc CMakeFiles/event_logger.dir/home/kazu/mint/pico/pico-sdk/src/rp2_common/pico_double/double_aeabi_rp2040.S.o
                0x10003d20                __wrap___aeabi_dcmplt
 .text.__wrap___aeabi_dcmpge
                0x10003d2c       0x10 CMakeFiles/event_logger.dir/home/kazu/mint/pico/pico-sdk/src/rp2_common/pico_double/double_aeabi_rp2040.S.o
                0x10003d2c                __wrap___aeabi_dcmpge
 .text.__wrap___aeabi_dcmpgt
                0x10003d3c        0xa CMakeFiles/event_logger.dir/home/kazu/mint/pico/pico-sdk/src/rp2_common/pico_double/double_aeabi_rp2040.S.o
                0x10003d3c                __wrap___aeabi_dcmpgt
 .text.__wrap___aeabi_dcmpun
                0x10003d46       0x18 CMakeFiles/event_logger.dir/home/kazu/mint/pico/pico-sdk/src/rp2_common/pico_double/double_aeabi_rp2040.S.o
                0x10003d46                __wrap___aeabi_dcmpun
 *fill*         0x10003d5e        0x2 
 .text.__wrap___aeabi_i2d
                0x10003d60       0x38 CMakeFiles/event_logger.dir/home/kazu/mint/pico/pico-sdk/src/rp2_common/pico_double/double_aeabi_rp2040.S.o
                0x10003d60                __wrap___aeabi_ui2d
                0x10003d60                uint2double
                0x10003d68                __wrap___aeabi_i2d
                0x10003d68                int2double
 .text.__wrap___aeabi_d2iz
                0x10003d98       0x48 CMakeFiles/event_logger.dir/home/kazu/mint/pico/pico-sdk/src/rp2_common/pico_double/double_aeabi_rp2040.S.o
                0x10003d98                __wrap___aeabi_d2iz
                0x10003d98                double2int_z
 .text.__wrap___aeabi_d2uiz
                0x10003de0       0x18 CMakeFiles/event_logger.dir/home/kazu/mint/pico/pico-sdk/src/rp2_common/pico_double/double_aeabi_rp2040.S.o
                0x10003de0                double2uint_z
                0x10003de0                double2uint
                0x10003de0                __wrap___aeabi_d2uiz
 .text.__aeabi_double_init
                0x10003df8       0xa4 CMakeFiles/event_logger.dir/home/kazu/mint/pico/pico-sdk/src/rp2_common/pico_double/double_init_rom_rp2040.c.o
                0x10003df8                __aeabi_double_init
 .text.double_table_shim_on_use_helper
                0x10003e9c       0x2c CMakeFiles/event_logger.dir/home/kazu/mint/pico/pico-sdk/src/rp2_common/pico_double/double_v1_rom_shim_rp2040.S.o
                0x10003e9c                double_table_shim_on_use_helper
 .text.__wrap___aeabi_dsub
                0x10003ec8       0x10 CMakeFiles/event_logger.dir/home/kazu/mint/pico/pico-sdk/src/rp2_common/pico_double/double_v1_rom_shim_rp2040.S.o
                0x10003ec8                drsub_shim
                0x10003ece                dsub_shim
 .text.dadd_shim
                0x10003ed8      0x15c CMakeFiles/event_logger.dir/home/kazu/mint/pico/pico-sdk/src/rp2_common/pico_double/double_v1_rom_shim_rp2040.S.o
                0x10003ed8                dadd_shim
 .text.dmul_shim
                0x10004034      0x15c CMakeFiles/event_logger.dir/home/kazu/mint/pico/pico-sdk/src/rp2_common/pico_double/double_v1_rom_shim_rp2040.S.o
                0x10004034                dmul_shim
 .text.ddiv_shim
                0x10004190      0x1b0 CMakeFiles/event_logger.dir/home/kazu/mint/pico/pico-sdk/src/rp2_common/pico_double/double_v1_rom_shim_rp2040.S.o
                0x10004190                ddiv_shim
 .text.double2uint_shim
                0x10004340        0xe CMakeFiles/event_logger.dir/home/kazu/mint/pico/pico-sdk/src/rp2_common/pico_double/double_v1_rom_shim_rp2040.S.o
                0x10004340                double2uint_shim
                0x10004342                double2ufix_shim
 *fill*         0x1000434e        0x2 
 .text.double2uint64_shim
                0x10004350       0x70 CMakeFiles/event_logger.dir/home/kazu/mint/pico/pico-sdk/src/rp2_common/pico_double/double_v1_rom_shim_rp2040.S.o
                0x10004350                double2uint64_shim
                0x10004352                double2ufix64_shim
                0x10004372                d2fix_a
 .text.dunpacks
                0x100043c0       0x3c CMakeFiles/event_logger.dir/home/kazu/mint/pico/pico-sdk/src/rp2_common/pico_double/double_v1_rom_shim_rp2040.S.o
                0x100043c0                dunpacks
 .text.__aeabi_lmul
                0x100043fc       0x32 CMakeFiles/event_logger.dir/home/kazu/mint/pico/pico-sdk/src/rp2_common/pico_int64_ops/pico_int64_ops_aeabi.S.o
                0x100043fc                __wrap___aeabi_lmul
 *fill*         0x1000442e        0x2 
 .text.__aeabi_float_init
                0x10004430       0x64 CMakeFiles/event_logger.dir/home/kazu/mint/pico/pico-sdk/src/rp2_common/pico_float/float_init_rom_rp2040.c.o
                0x10004430                __aeabi_float_init
 .text.float_table_shim_on_use_helper
                0x10004494       0x2c CMakeFiles/event_logger.dir/home/kazu/mint/pico/pico-sdk/src/rp2_common/pico_float/float_v1_rom_shim_rp2040.S.o
                0x10004494                float_table_shim_on_use_helper
 .text.__wrap_malloc
                0x100044c0       0x3c CMakeFiles/event_logger.dir/home/kazu/mint/pico/pico-sdk/src/rp2_common/pico_malloc/malloc.c.o
                0x100044c0                __wrap_malloc
 .text.__wrap_free
                0x100044fc       0x20 CMakeFiles/event_logger.dir/home/kazu/mint/pico/pico-sdk/src/rp2_common/pico_malloc/malloc.c.o
                0x100044fc                __wrap_free
 .text          0x1000451c       0x10 CMakeFiles/event_logger.dir/home/kazu/mint/pico/pico-sdk/src/rp2_common/pico_mem_ops/mem_ops_aeabi.S.o
                0x1000451c                __aeabi_mem_init
 .text.memset   0x1000452c        0xc CMakeFiles/event_logger.dir/home/kazu/mint/pico/pico-sdk/src/rp2_common/pico_mem_ops/mem_ops_aeabi.S.o
                0x1000452c                __wrap_memset
 .text.memcpy   0x10004538        0xc CMakeFiles/event_logger.dir/home/kazu/mint/pico/pico-sdk/src/rp2_common/pico_mem_ops/mem_ops_aeabi.S.o
                0x10004538                __wrap___aeabi_memcpy
                0x10004538                __wrap_memcpy
 .text._ZdlPvj  0x10004544        0x8 CMakeFiles/event_logger.dir/home/kazu/mint/pico/pico-sdk/src/rp2_common/pico_cxx_options/new_delete.cpp.o
                0x10004544                operator delete(void*, unsigned int)
 .text._out_buffer
                0x1000454c        0x8 CMakeFiles/event_logger.dir/home/kazu/mint/pico/pico-sdk/src/rp2_common/pico_printf/printf.c.o
 .text._out_null
                0x10004554        0x4 CMakeFiles/event_logger.dir/home/kazu/mint/pico/pico-sdk/src/rp2_common/pico_printf/printf.c.o
 .text._out_rev
                0x10004558       0xac CMakeFiles/event_logger.dir/home/kazu/mint/pico/pico-sdk/src/rp2_common/pico_printf/printf.c.o
 .text._ntoa_format
                0x10004604      0x250 CMakeFiles/event_logger.dir/home/kazu/mint/pico/pico-sdk/src/rp2_common/pico_printf/printf.c.o
 .text._out_char
                0x10004854       0x10 CMakeFiles/event_logger.dir/home/kazu/mint/pico/pico-sdk/src/rp2_common/pico_printf/printf.c.o
 .text._out_fct
                0x10004864       0x10 CMakeFiles/event_logger.dir/home/kazu/mint/pico/pico-sdk/src/rp2_common/pico_printf/printf.c.o
 .text._etoa    0x10004874      0x464 CMakeFiles/event_logger.dir/home/kazu/mint/pico/pico-sdk/src/rp2_common/pico_printf/printf.c.o
 .text._ftoa    0x10004cd8      0x3c0 CMakeFiles/event_logger.dir/home/kazu/mint/pico/pico-sdk/src/rp2_common/pico_printf/printf.c.o
 .text._vsnprintf
                0x10005098      0xbc8 CMakeFiles/event_logger.dir/home/kazu/mint/pico/pico-sdk/src/rp2_common/pico_printf/printf.c.o
 .text.__wrap_snprintf
                0x10005c60       0x28 CMakeFiles/event_logger.dir/home/kazu/mint/pico/pico-sdk/src/rp2_common/pico_printf/printf.c.o
                0x10005c60                __wrap_snprintf
 .text.vfctprintf
                0x10005c88       0x20 CMakeFiles/event_logger.dir/home/kazu/mint/pico/pico-sdk/src/rp2_common/pico_printf/printf.c.o
                0x10005c88                vfctprintf
 .text.weak_raw_vprintf
                0x10005ca8       0x30 CMakeFiles/event_logger.dir/home/kazu/mint/pico/pico-sdk/src/rp2_common/pico_printf/printf.c.o
                0x10005ca8                weak_raw_vprintf
 .text._exit    0x10005cd8        0x4 CMakeFiles/event_logger.dir/home/kazu/mint/pico/pico-sdk/src/rp2_common/pico_clib_interface/newlib_interface.c.o
                0x10005cd8                _exit
 .text._sbrk    0x10005cdc       0x34 CMakeFiles/event_logger.dir/home/kazu/mint/pico/pico-sdk/src/rp2_common/pico_clib_interface/newlib_interface.c.o
                0x10005cdc                _sbrk
 .text._getpid  0x10005d10        0x4 CMakeFiles/event_logger.dir/home/kazu/mint/pico/pico-sdk/src/rp2_common/pico_clib_interface/newlib_interface.c.o
                0x10005d10                _getpid
 .text._kill    0x10005d14        0x8 CMakeFiles/event_logger.dir/home/kazu/mint/pico/pico-sdk/src/rp2_common/pico_clib_interface/newlib_interface.c.o
                0x10005d14                _kill
 .text.exit     0x10005d1c        0x8 CMakeFiles/event_logger.dir/home/kazu/mint/pico/pico-sdk/src/rp2_common/pico_clib_interface/newlib_interface.c.o
                0x10005d1c                exit
 .text.runtime_init
                0x10005d24       0x2c CMakeFiles/event_logger.dir/home/kazu/mint/pico/pico-sdk/src/rp2_common/pico_clib_interface/newlib_interface.c.o
                0x10005d24                runtime_init
 .text.stdio_out_chars_no_crlf
                0x10005d50       0x10 CMakeFiles/event_logger.dir/home/kazu/mint/pico/pico-sdk/src/rp2_common/pico_stdio/stdio.c.o
 .text.stdio_out_chars_crlf
                0x10005d60       0x94 CMakeFiles/event_logger.dir/home/kazu/mint/pico/pico-sdk/src/rp2_common/pico_stdio/stdio.c.o
 .text.stdio_buffered_printer
                0x10005df4       0x64 CMakeFiles/event_logger.dir/home/kazu/mint/pico/pico-sdk/src/rp2_common/pico_stdio/stdio.c.o
 .text.stdio_put_string
                0x10005e58      0x100 CMakeFiles/event_logger.dir/home/kazu/mint/pico/pico-sdk/src/rp2_common/pico_stdio/stdio.c.o
                0x10005e58                stdio_put_string
 .text.stdio_set_driver_enabled
                0x10005f58       0x30 CMakeFiles/event_logger.dir/home/kazu/mint/pico/pico-sdk/src/rp2_common/pico_stdio/stdio.c.o
                0x10005f58                stdio_set_driver_enabled
 .text.stdio_init_all
                0x10005f88        0x8 CMakeFiles/event_logger.dir/home/kazu/mint/pico/pico-sdk/src/rp2_common/pico_stdio/stdio.c.o
                0x10005f88                stdio_init_all
 .text.__wrap_putchar
                0x10005f90       0x98 CMakeFiles/event_logger.dir/home/kazu/mint/pico/pico-sdk/src/rp2_common/pico_stdio/stdio.c.o
                0x10005f90                stdio_putchar
                0x10005f90                __wrap_putchar
 .text.__wrap_puts
                0x10006028       0x3c CMakeFiles/event_logger.dir/home/kazu/mint/pico/pico-sdk/src/rp2_common/pico_stdio/stdio.c.o
                0x10006028                __wrap_puts
                0x10006028                stdio_puts
 .text.__wrap_vprintf
                0x10006064       0xd4 CMakeFiles/event_logger.dir/home/kazu/mint/pico/pico-sdk/src/rp2_common/pico_stdio/stdio.c.o
                0x10006064                __wrap_vprintf
                0x10006064                stdio_vprintf
 .text.__wrap_printf
                0x10006138       0x18 CMakeFiles/event_logger.dir/home/kazu/mint/pico/pico-sdk/src/rp2_common/pico_stdio/stdio.c.o
                0x10006138                stdio_printf
                0x10006138                __wrap_printf
 .text.resetd_init
                0x10006150        0x4 CMakeFiles/event_logger.dir/home/kazu/mint/pico/pico-sdk/src/rp2_common/pico_stdio_usb/reset_interface.c.o
 .text.resetd_reset
                0x10006154        0xc CMakeFiles/event_logger.dir/home/kazu/mint/pico/pico-sdk/src/rp2_common/pico_stdio_usb/reset_interface.c.o
 .text.resetd_open
                0x10006160       0x28 CMakeFiles/event_logger.dir/home/kazu/mint/pico/pico-sdk/src/rp2_common/pico_stdio_usb/reset_interface.c.o
 .text.resetd_xfer_cb
                0x10006188        0x4 CMakeFiles/event_logger.dir/home/kazu/mint/pico/pico-sdk/src/rp2_common/pico_stdio_usb/reset_interface.c.o
 .text.resetd_control_xfer_cb
                0x1000618c       0x5c CMakeFiles/event_logger.dir/home/kazu/mint/pico/pico-sdk/src/rp2_common/pico_stdio_usb/reset_interface.c.o
 .text.tud_descriptor_bos_cb
                0x100061e8        0x8 CMakeFiles/event_logger.dir/home/kazu/mint/pico/pico-sdk/src/rp2_common/pico_stdio_usb/reset_interface.c.o
                0x100061e8                tud_descriptor_bos_cb
 .text.tud_vendor_control_xfer_cb
                0x100061f0       0x34 CMakeFiles/event_logger.dir/home/kazu/mint/pico/pico-sdk/src/rp2_common/pico_stdio_usb/reset_interface.c.o
                0x100061f0                tud_vendor_control_xfer_cb
 .text.usbd_app_driver_get_cb
                0x10006224        0xc CMakeFiles/event_logger.dir/home/kazu/mint/pico/pico-sdk/src/rp2_common/pico_stdio_usb/reset_interface.c.o
                0x10006224                usbd_app_driver_get_cb
 .text.tud_cdc_line_coding_cb
                0x10006230       0x2c CMakeFiles/event_logger.dir/home/kazu/mint/pico/pico-sdk/src/rp2_common/pico_stdio_usb/reset_interface.c.o
                0x10006230                tud_cdc_line_coding_cb
 .text.stdio_usb_set_chars_available_callback
                0x1000625c       0x14 CMakeFiles/event_logger.dir/home/kazu/mint/pico/pico-sdk/src/rp2_common/pico_stdio_usb/stdio_usb.c.o
                0x1000625c                stdio_usb_set_chars_available_callback
 .text.usb_irq  0x10006270       0x10 CMakeFiles/event_logger.dir/home/kazu/mint/pico/pico-sdk/src/rp2_common/pico_stdio_usb/stdio_usb.c.o
 .text.timer_task
                0x10006280       0x64 CMakeFiles/event_logger.dir/home/kazu/mint/pico/pico-sdk/src/rp2_common/pico_stdio_usb/stdio_usb.c.o
 .text.stdio_usb_in_chars
                0x100062e4       0x90 CMakeFiles/event_logger.dir/home/kazu/mint/pico/pico-sdk/src/rp2_common/pico_stdio_usb/stdio_usb.c.o
                0x100062e4                stdio_usb_in_chars
 .text.stdio_usb_out_flush
                0x10006374       0x50 CMakeFiles/event_logger.dir/home/kazu/mint/pico/pico-sdk/src/rp2_common/pico_stdio_usb/stdio_usb.c.o
 .text.stdio_usb_out_chars
                0x100063c4      0x104 CMakeFiles/event_logger.dir/home/kazu/mint/pico/pico-sdk/src/rp2_common/pico_stdio_usb/stdio_usb.c.o
 .text.low_priority_worker_irq
                0x100064c8       0xcc CMakeFiles/event_logger.dir/home/kazu/mint/pico/pico-sdk/src/rp2_common/pico_stdio_usb/stdio_usb.c.o
 .text.stdio_usb_init
                0x10006594       0xec CMakeFiles/event_logger.dir/home/kazu/mint/pico/pico-sdk/src/rp2_common/pico_stdio_usb/stdio_usb.c.o
                0x10006594                stdio_usb_init
 .text.tud_descriptor_device_cb
                0x10006680        0x8 CMakeFiles/event_logger.dir/home/kazu/mint/pico/pico-sdk/src/rp2_common/pico_stdio_usb/stdio_usb_descriptors.c.o
                0x10006680                tud_descriptor_device_cb
 .text.tud_descriptor_configuration_cb
                0x10006688        0x8 CMakeFiles/event_logger.dir/home/kazu/mint/pico/pico-sdk/src/rp2_common/pico_stdio_usb/stdio_usb_descriptors.c.o
                0x10006688                tud_descriptor_configuration_cb
 .text.tud_descriptor_string_cb
                0x10006690       0x78 CMakeFiles/event_logger.dir/home/kazu/mint/pico/pico-sdk/src/rp2_common/pico_stdio_usb/stdio_usb_descriptors.c.o
                0x10006690                tud_descriptor_string_cb
 .text.startup._retrieve_unique_id_on_boot
                0x10006708       0x10 CMakeFiles/event_logger.dir/home/kazu/mint/pico/pico-sdk/src/rp2_common/pico_unique_id/unique_id.c.o
 .text.pico_get_unique_board_id_string
                0x10006718      0x1a8 CMakeFiles/event_logger.dir/home/kazu/mint/pico/pico-sdk/src/rp2_common/pico_unique_id/unique_id.c.o
                0x10006718                pico_get_unique_board_id_string
 .text.flash_get_unique_id
                0x100068c0       0x3c CMakeFiles/event_logger.dir/home/kazu/mint/pico/pico-sdk/src/rp2_common/hardware_flash/flash.c.o
                0x100068c0                flash_get_unique_id
 .text.dcd_init
                0x100068fc       0x90 CMakeFiles/event_logger.dir/home/kazu/mint/pico/pico-sdk/lib/tinyusb/src/portable/raspberrypi/rp2040/dcd_rp2040.c.o
                0x100068fc                dcd_init
 .text.dcd_int_enable
                0x1000698c        0xc CMakeFiles/event_logger.dir/home/kazu/mint/pico/pico-sdk/lib/tinyusb/src/portable/raspberrypi/rp2040/dcd_rp2040.c.o
                0x1000698c                dcd_int_enable
 .text.dcd_set_address
                0x10006998       0x14 CMakeFiles/event_logger.dir/home/kazu/mint/pico/pico-sdk/lib/tinyusb/src/portable/raspberrypi/rp2040/dcd_rp2040.c.o
                0x10006998                dcd_set_address
 .text.dcd_sof_enable
                0x100069ac       0x1c CMakeFiles/event_logger.dir/home/kazu/mint/pico/pico-sdk/lib/tinyusb/src/portable/raspberrypi/rp2040/dcd_rp2040.c.o
                0x100069ac                dcd_sof_enable
 .text.dcd_edpt0_status_complete
                0x100069c8       0x1c CMakeFiles/event_logger.dir/home/kazu/mint/pico/pico-sdk/lib/tinyusb/src/portable/raspberrypi/rp2040/dcd_rp2040.c.o
                0x100069c8                dcd_edpt0_status_complete
 .text.dcd_edpt_open
                0x100069e4      0x114 CMakeFiles/event_logger.dir/home/kazu/mint/pico/pico-sdk/lib/tinyusb/src/portable/raspberrypi/rp2040/dcd_rp2040.c.o
                0x100069e4                dcd_edpt_open
 .text.dcd_edpt_close_all
                0x10006af8        0x8 CMakeFiles/event_logger.dir/home/kazu/mint/pico/pico-sdk/lib/tinyusb/src/portable/raspberrypi/rp2040/dcd_rp2040.c.o
                0x10006af8                dcd_edpt_close_all
 .text.dcd_edpt_xfer
                0x10006b00       0x24 CMakeFiles/event_logger.dir/home/kazu/mint/pico/pico-sdk/lib/tinyusb/src/portable/raspberrypi/rp2040/dcd_rp2040.c.o
                0x10006b00                dcd_edpt_xfer
 .text.dcd_edpt_stall
                0x10006b24       0x34 CMakeFiles/event_logger.dir/home/kazu/mint/pico/pico-sdk/lib/tinyusb/src/portable/raspberrypi/rp2040/dcd_rp2040.c.o
                0x10006b24                dcd_edpt_stall
 .text.dcd_edpt_clear_stall
                0x10006b58       0x30 CMakeFiles/event_logger.dir/home/kazu/mint/pico/pico-sdk/lib/tinyusb/src/portable/raspberrypi/rp2040/dcd_rp2040.c.o
                0x10006b58                dcd_edpt_clear_stall
 .text.rp2040_usb_init
                0x10006b88       0x40 CMakeFiles/event_logger.dir/home/kazu/mint/pico/pico-sdk/lib/tinyusb/src/portable/raspberrypi/rp2040/rp2040_usb.c.o
                0x10006b88                rp2040_usb_init
 .text.hw_endpoint_xfer_start
                0x10006bc8       0x40 CMakeFiles/event_logger.dir/home/kazu/mint/pico/pico-sdk/lib/tinyusb/src/portable/raspberrypi/rp2040/rp2040_usb.c.o
                0x10006bc8                hw_endpoint_xfer_start
 .text.tud_event_hook_cb
                0x10006c08        0x4 CMakeFiles/event_logger.dir/home/kazu/mint/pico/pico-sdk/lib/tinyusb/src/device/usbd.c.o
                0x10006c08                tud_event_hook_cb
 .text.tud_sof_cb
                0x10006c0c        0x4 CMakeFiles/event_logger.dir/home/kazu/mint/pico/pico-sdk/lib/tinyusb/src/device/usbd.c.o
                0x10006c0c                tud_sof_cb
 .text.tud_descriptor_device_qualifier_cb
                0x10006c10        0x4 CMakeFiles/event_logger.dir/home/kazu/mint/pico/pico-sdk/lib/tinyusb/src/device/usbd.c.o
                0x10006c10                tud_descriptor_device_qualifier_cb
 .text.tud_descriptor_other_speed_configuration_cb
                0x10006c14        0x4 CMakeFiles/event_logger.dir/home/kazu/mint/pico/pico-sdk/lib/tinyusb/src/device/usbd.c.o
                0x10006c14                tud_descriptor_other_speed_configuration_cb
 .text.tud_mount_cb
                0x10006c18        0x4 CMakeFiles/event_logger.dir/home/kazu/mint/pico/pico-sdk/lib/tinyusb/src/device/usbd.c.o
                0x10006c18                tud_mount_cb
 .text.tud_umount_cb
                0x10006c1c        0x4 CMakeFiles/event_logger.dir/home/kazu/mint/pico/pico-sdk/lib/tinyusb/src/device/usbd.c.o
                0x10006c1c                tud_umount_cb
 .text.tud_suspend_cb
                0x10006c20        0x4 CMakeFiles/event_logger.dir/home/kazu/mint/pico/pico-sdk/lib/tinyusb/src/device/usbd.c.o
                0x10006c20                tud_suspend_cb
 .text.tud_resume_cb
                0x10006c24        0x4 CMakeFiles/event_logger.dir/home/kazu/mint/pico/pico-sdk/lib/tinyusb/src/device/usbd.c.o
                0x10006c24                tud_resume_cb
 .text.tud_mounted
                0x10006c28       0x10 CMakeFiles/event_logger.dir/home/kazu/mint/pico/pico-sdk/lib/tinyusb/src/device/usbd.c.o
                0x10006c28                tud_mounted
 .text.tud_suspended
                0x10006c38       0x10 CMakeFiles/event_logger.dir/home/kazu/mint/pico/pico-sdk/lib/tinyusb/src/device/usbd.c.o
                0x10006c38                tud_suspended
 .text.tud_rhport_init
                0x10006c48       0xfc CMakeFiles/event_logger.dir/home/kazu/mint/pico/pico-sdk/lib/tinyusb/src/device/usbd.c.o
                0x10006c48                tud_rhport_init
 .text.tud_task_ext
                0x10006d44      0x800 CMakeFiles/event_logger.dir/home/kazu/mint/pico/pico-sdk/lib/tinyusb/src/device/usbd.c.o
                0x10006d44                tud_task_ext
 .text.usbd_open_edpt_pair
                0x10007544       0x9c CMakeFiles/event_logger.dir/home/kazu/mint/pico/pico-sdk/lib/tinyusb/src/device/usbd.c.o
                0x10007544                usbd_open_edpt_pair
 .text.usbd_edpt_open
                0x100075e0       0x34 CMakeFiles/event_logger.dir/home/kazu/mint/pico/pico-sdk/lib/tinyusb/src/device/usbd.c.o
                0x100075e0                usbd_edpt_open
 .text.usbd_edpt_claim
                0x10007614       0x28 CMakeFiles/event_logger.dir/home/kazu/mint/pico/pico-sdk/lib/tinyusb/src/device/usbd.c.o
                0x10007614                usbd_edpt_claim
 .text.usbd_edpt_release
                0x1000763c       0x28 CMakeFiles/event_logger.dir/home/kazu/mint/pico/pico-sdk/lib/tinyusb/src/device/usbd.c.o
                0x1000763c                usbd_edpt_release
 .text.usbd_edpt_xfer
                0x10007664       0x4c CMakeFiles/event_logger.dir/home/kazu/mint/pico/pico-sdk/lib/tinyusb/src/device/usbd.c.o
                0x10007664                usbd_edpt_xfer
 .text.tud_control_status
                0x100076b0       0x2c CMakeFiles/event_logger.dir/home/kazu/mint/pico/pico-sdk/lib/tinyusb/src/device/usbd_control.c.o
                0x100076b0                tud_control_status
 .text.tud_control_xfer
                0x100076dc       0xac CMakeFiles/event_logger.dir/home/kazu/mint/pico/pico-sdk/lib/tinyusb/src/device/usbd_control.c.o
                0x100076dc                tud_control_xfer
 .text.usbd_control_reset
                0x10007788       0x14 CMakeFiles/event_logger.dir/home/kazu/mint/pico/pico-sdk/lib/tinyusb/src/device/usbd_control.c.o
                0x10007788                usbd_control_reset
 .text.usbd_control_set_complete_callback
                0x1000779c        0xc CMakeFiles/event_logger.dir/home/kazu/mint/pico/pico-sdk/lib/tinyusb/src/device/usbd_control.c.o
                0x1000779c                usbd_control_set_complete_callback
 .text.usbd_control_set_request
                0x100077a8       0x1c CMakeFiles/event_logger.dir/home/kazu/mint/pico/pico-sdk/lib/tinyusb/src/device/usbd_control.c.o
                0x100077a8                usbd_control_set_request
 .text.usbd_control_xfer_cb
                0x100077c4       0xec CMakeFiles/event_logger.dir/home/kazu/mint/pico/pico-sdk/lib/tinyusb/src/device/usbd_control.c.o
                0x100077c4                usbd_control_xfer_cb
 .text._prep_out_transaction.isra.0
                0x100078b0       0x6c CMakeFiles/event_logger.dir/home/kazu/mint/pico/pico-sdk/lib/tinyusb/src/class/cdc/cdc_device.c.o
 .text.tud_cdc_n_connected
                0x1000791c       0x2c CMakeFiles/event_logger.dir/home/kazu/mint/pico/pico-sdk/lib/tinyusb/src/class/cdc/cdc_device.c.o
                0x1000791c                tud_cdc_n_connected
 .text.tud_cdc_n_available
                0x10007948       0x14 CMakeFiles/event_logger.dir/home/kazu/mint/pico/pico-sdk/lib/tinyusb/src/class/cdc/cdc_device.c.o
                0x10007948                tud_cdc_n_available
 .text.tud_cdc_n_read
                0x1000795c       0x94 CMakeFiles/event_logger.dir/home/kazu/mint/pico/pico-sdk/lib/tinyusb/src/class/cdc/cdc_device.c.o
                0x1000795c                tud_cdc_n_read
 .text.tud_cdc_n_write_flush
                0x100079f0       0x74 CMakeFiles/event_logger.dir/home/kazu/mint/pico/pico-sdk/lib/tinyusb/src/class/cdc/cdc_device.c.o
                0x100079f0                tud_cdc_n_write_flush
 .text.tud_cdc_n_write
                0x10007a64       0x40 CMakeFiles/event_logger.dir/home/kazu/mint/pico/pico-sdk/lib/tinyusb/src/class/cdc/cdc_device.c.o
                0x10007a64                tud_cdc_n_write
 .text.tud_cdc_n_write_available
                0x10007aa4       0x14 CMakeFiles/event_logger.dir/home/kazu/mint/pico/pico-sdk/lib/tinyusb/src/class/cdc/cdc_device.c.o
                0x10007aa4                tud_cdc_n_write_available
 .text.cdcd_init
                0x10007ab8       0x70 CMakeFiles/event_logger.dir/home/kazu/mint/pico/pico-sdk/lib/tinyusb/src/class/cdc/cdc_device.c.o
                0x10007ab8                cdcd_init
 .text.cdcd_deinit
                0x10007b28       0x34 CMakeFiles/event_logger.dir/home/kazu/mint/pico/pico-sdk/lib/tinyusb/src/class/cdc/cdc_device.c.o
                0x10007b28                cdcd_deinit
 .text.cdcd_reset
                0x10007b5c       0x4c CMakeFiles/event_logger.dir/home/kazu/mint/pico/pico-sdk/lib/tinyusb/src/class/cdc/cdc_device.c.o
                0x10007b5c                cdcd_reset
 .text.cdcd_open
                0x10007ba8       0xa8 CMakeFiles/event_logger.dir/home/kazu/mint/pico/pico-sdk/lib/tinyusb/src/class/cdc/cdc_device.c.o
                0x10007ba8                cdcd_open
 .text.cdcd_control_xfer_cb
                0x10007c50       0xe8 CMakeFiles/event_logger.dir/home/kazu/mint/pico/pico-sdk/lib/tinyusb/src/class/cdc/cdc_device.c.o
                0x10007c50                cdcd_control_xfer_cb
 .text.cdcd_xfer_cb
                0x10007d38      0x100 CMakeFiles/event_logger.dir/home/kazu/mint/pico/pico-sdk/lib/tinyusb/src/class/cdc/cdc_device.c.o
                0x10007d38                cdcd_xfer_cb
 .text.vendord_init
                0x10007e38       0x5c CMakeFiles/event_logger.dir/home/kazu/mint/pico/pico-sdk/lib/tinyusb/src/class/vendor/vendor_device.c.o
                0x10007e38                vendord_init
 .text.vendord_deinit
                0x10007e94       0x1c CMakeFiles/event_logger.dir/home/kazu/mint/pico/pico-sdk/lib/tinyusb/src/class/vendor/vendor_device.c.o
                0x10007e94                vendord_deinit
 .text.vendord_reset
                0x10007eb0       0x28 CMakeFiles/event_logger.dir/home/kazu/mint/pico/pico-sdk/lib/tinyusb/src/class/vendor/vendor_device.c.o
                0x10007eb0                vendord_reset
 .text.vendord_open
                0x10007ed8      0x128 CMakeFiles/event_logger.dir/home/kazu/mint/pico/pico-sdk/lib/tinyusb/src/class/vendor/vendor_device.c.o
                0x10007ed8                vendord_open
 .text.vendord_xfer_cb
                0x10008000       0x9c CMakeFiles/event_logger.dir/home/kazu/mint/pico/pico-sdk/lib/tinyusb/src/class/vendor/vendor_device.c.o
                0x10008000                vendord_xfer_cb
 .text.tusb_rhport_init
                0x1000809c       0x48 CMakeFiles/event_logger.dir/home/kazu/mint/pico/pico-sdk/lib/tinyusb/src/tusb.c.o
                0x1000809c                tusb_rhport_init
 .text.tu_edpt_claim
                0x100080e4       0x50 CMakeFiles/event_logger.dir/home/kazu/mint/pico/pico-sdk/lib/tinyusb/src/tusb.c.o
                0x100080e4                tu_edpt_claim
 .text.tu_edpt_release
                0x10008134       0x38 CMakeFiles/event_logger.dir/home/kazu/mint/pico/pico-sdk/lib/tinyusb/src/tusb.c.o
                0x10008134                tu_edpt_release
 .text.tu_edpt_validate
                0x1000816c       0x7c CMakeFiles/event_logger.dir/home/kazu/mint/pico/pico-sdk/lib/tinyusb/src/tusb.c.o
                0x1000816c                tu_edpt_validate
 .text.tu_edpt_bind_driver
                0x100081e8       0x34 CMakeFiles/event_logger.dir/home/kazu/mint/pico/pico-sdk/lib/tinyusb/src/tusb.c.o
                0x100081e8                tu_edpt_bind_driver
 .text.tu_edpt_stream_init
                0x1000821c       0x6c CMakeFiles/event_logger.dir/home/kazu/mint/pico/pico-sdk/lib/tinyusb/src/tusb.c.o
                0x1000821c                tu_edpt_stream_init
 .text.tu_edpt_stream_deinit
                0x10008288        0x4 CMakeFiles/event_logger.dir/home/kazu/mint/pico/pico-sdk/lib/tinyusb/src/tusb.c.o
                0x10008288                tu_edpt_stream_deinit
 .text.tu_edpt_stream_write_zlp_if_needed
                0x1000828c       0x68 CMakeFiles/event_logger.dir/home/kazu/mint/pico/pico-sdk/lib/tinyusb/src/tusb.c.o
                0x1000828c                tu_edpt_stream_write_zlp_if_needed
 .text.tu_edpt_stream_write_xfer
                0x100082f4       0x64 CMakeFiles/event_logger.dir/home/kazu/mint/pico/pico-sdk/lib/tinyusb/src/tusb.c.o
                0x100082f4                tu_edpt_stream_write_xfer
 .text.tu_edpt_stream_read_xfer
                0x10008358       0xdc CMakeFiles/event_logger.dir/home/kazu/mint/pico/pico-sdk/lib/tinyusb/src/tusb.c.o
                0x10008358                tu_edpt_stream_read_xfer
 .text.tu_fifo_config
                0x10008434       0x6c CMakeFiles/event_logger.dir/home/kazu/mint/pico/pico-sdk/lib/tinyusb/src/common/tusb_fifo.c.o
                0x10008434                tu_fifo_config
 .text.tu_fifo_count
                0x100084a0       0x2c CMakeFiles/event_logger.dir/home/kazu/mint/pico/pico-sdk/lib/tinyusb/src/common/tusb_fifo.c.o
                0x100084a0                tu_fifo_count
 .text.tu_fifo_empty
                0x100084cc       0x10 CMakeFiles/event_logger.dir/home/kazu/mint/pico/pico-sdk/lib/tinyusb/src/common/tusb_fifo.c.o
                0x100084cc                tu_fifo_empty
 .text.tu_fifo_remaining
                0x100084dc       0x2c CMakeFiles/event_logger.dir/home/kazu/mint/pico/pico-sdk/lib/tinyusb/src/common/tusb_fifo.c.o
                0x100084dc                tu_fifo_remaining
 .text.tu_fifo_read
                0x10008508       0x9c CMakeFiles/event_logger.dir/home/kazu/mint/pico/pico-sdk/lib/tinyusb/src/common/tusb_fifo.c.o
                0x10008508                tu_fifo_read
 .text.tu_fifo_read_n
                0x100085a4       0xe8 CMakeFiles/event_logger.dir/home/kazu/mint/pico/pico-sdk/lib/tinyusb/src/common/tusb_fifo.c.o
                0x100085a4                tu_fifo_read_n
 .text.tu_fifo_write
                0x1000868c       0xa8 CMakeFiles/event_logger.dir/home/kazu/mint/pico/pico-sdk/lib/tinyusb/src/common/tusb_fifo.c.o
                0x1000868c                tu_fifo_write
 .text.tu_fifo_write_n
                0x10008734      0x178 CMakeFiles/event_logger.dir/home/kazu/mint/pico/pico-sdk/lib/tinyusb/src/common/tusb_fifo.c.o
                0x10008734                tu_fifo_write_n
 .text.tu_fifo_clear
                0x100088ac       0x40 CMakeFiles/event_logger.dir/home/kazu/mint/pico/pico-sdk/lib/tinyusb/src/common/tusb_fifo.c.o
                0x100088ac                tu_fifo_clear
 .text.tu_fifo_set_overwritable
                0x100088ec       0x48 CMakeFiles/event_logger.dir/home/kazu/mint/pico/pico-sdk/lib/tinyusb/src/common/tusb_fifo.c.o
                0x100088ec                tu_fifo_set_overwritable
 *fill*         0x10008934        0xc 
 .text.vPortStartFirstTask
                0x10008940       0x34 CMakeFiles/event_logger.dir/FreeRTOS-Kernel/portable/ThirdParty/GCC/RP2040/port.c.o
 *fill*         0x10008974        0xc 
 .text.xPortPendSVHandler
                0x10008980       0x64 CMakeFiles/event_logger.dir/FreeRTOS-Kernel/portable/ThirdParty/GCC/RP2040/port.c.o
                0x10008980                xPortPendSVHandler
 .text.prvTaskExitError
                0x100089e4        0x8 CMakeFiles/event_logger.dir/FreeRTOS-Kernel/portable/ThirdParty/GCC/RP2040/port.c.o
 .text.prvFIFOInterruptHandler
                0x100089ec       0x78 CMakeFiles/event_logger.dir/FreeRTOS-Kernel/portable/ThirdParty/GCC/RP2040/port.c.o
 .text.vPortSVCHandler
                0x10008a64        0x4 CMakeFiles/event_logger.dir/FreeRTOS-Kernel/portable/ThirdParty/GCC/RP2040/port.c.o
                0x10008a64                vPortSVCHandler
 .text.pxPortInitialiseStack
                0x10008a68       0x20 CMakeFiles/event_logger.dir/FreeRTOS-Kernel/portable/ThirdParty/GCC/RP2040/port.c.o
                0x10008a68                pxPortInitialiseStack
 .text.vPortYield
                0x10008a88       0x18 CMakeFiles/event_logger.dir/FreeRTOS-Kernel/portable/ThirdParty/GCC/RP2040/port.c.o
                0x10008a88                vPortYield
 .text.vPortEnterCritical
                0x10008aa0       0x18 CMakeFiles/event_logger.dir/FreeRTOS-Kernel/portable/ThirdParty/GCC/RP2040/port.c.o
                0x10008aa0                vPortEnterCritical
 .text.vPortExitCritical
                0x10008ab8       0x14 CMakeFiles/event_logger.dir/FreeRTOS-Kernel/portable/ThirdParty/GCC/RP2040/port.c.o
                0x10008ab8                vPortExitCritical
 .text.ulSetInterruptMaskFromISR
                0x10008acc        0x8 CMakeFiles/event_logger.dir/FreeRTOS-Kernel/portable/ThirdParty/GCC/RP2040/port.c.o
                0x10008acc                ulSetInterruptMaskFromISR
 .text.vClearInterruptMaskFromISR
                0x10008ad4        0x8 CMakeFiles/event_logger.dir/FreeRTOS-Kernel/portable/ThirdParty/GCC/RP2040/port.c.o
                0x10008ad4                vClearInterruptMaskFromISR
 .text.xPortSysTickHandler
                0x10008adc       0x24 CMakeFiles/event_logger.dir/FreeRTOS-Kernel/portable/ThirdParty/GCC/RP2040/port.c.o
                0x10008adc                xPortSysTickHandler
 .text.vPortSetupTimerInterrupt
                0x10008b00       0x34 CMakeFiles/event_logger.dir/FreeRTOS-Kernel/portable/ThirdParty/GCC/RP2040/port.c.o
                0x10008b00                vPortSetupTimerInterrupt
 .text.xPortStartScheduler
                0x10008b34       0x9c CMakeFiles/event_logger.dir/FreeRTOS-Kernel/portable/ThirdParty/GCC/RP2040/port.c.o
                0x10008b34                xPortStartScheduler
 .text.ulPortLockGetCurrentOwnerId
                0x10008bd0       0x2c CMakeFiles/event_logger.dir/FreeRTOS-Kernel/portable/ThirdParty/GCC/RP2040/port.c.o
                0x10008bd0                ulPortLockGetCurrentOwnerId
 .text.vPortLockInternalSpinUnlockWithWait
                0x10008bfc       0x68 CMakeFiles/event_logger.dir/FreeRTOS-Kernel/portable/ThirdParty/GCC/RP2040/port.c.o
                0x10008bfc                vPortLockInternalSpinUnlockWithWait
 .text.vPortLockInternalSpinUnlockWithNotify
                0x10008c64       0xcc CMakeFiles/event_logger.dir/FreeRTOS-Kernel/portable/ThirdParty/GCC/RP2040/port.c.o
                0x10008c64                vPortLockInternalSpinUnlockWithNotify
 .text.xPortLockInternalSpinUnlockWithBestEffortWaitOrTimeout
                0x10008d30       0xfc CMakeFiles/event_logger.dir/FreeRTOS-Kernel/portable/ThirdParty/GCC/RP2040/port.c.o
                0x10008d30                xPortLockInternalSpinUnlockWithBestEffortWaitOrTimeout
 .text.startup.prvRuntimeInitializer
                0x10008e2c       0x28 CMakeFiles/event_logger.dir/FreeRTOS-Kernel/portable/ThirdParty/GCC/RP2040/port.c.o
 .text.vEventGroupSetBitsCallback
                0x10008e54       0x90 CMakeFiles/event_logger.dir/FreeRTOS-Kernel/event_groups.c.o
                0x10008e54                vEventGroupSetBitsCallback
 .text.xEventGroupCreate
                0x10008ee4       0x18 CMakeFiles/event_logger.dir/FreeRTOS-Kernel/event_groups.c.o
                0x10008ee4                xEventGroupCreate
 .text.xEventGroupWaitBits
                0x10008efc       0xb8 CMakeFiles/event_logger.dir/FreeRTOS-Kernel/event_groups.c.o
                0x10008efc                xEventGroupWaitBits
 .text.xEventGroupSetBits
                0x10008fb4       0x9c CMakeFiles/event_logger.dir/FreeRTOS-Kernel/event_groups.c.o
                0x10008fb4                xEventGroupSetBits
 .text.xEventGroupSetBitsFromISR
                0x10009050       0x18 CMakeFiles/event_logger.dir/FreeRTOS-Kernel/event_groups.c.o
                0x10009050                xEventGroupSetBitsFromISR
 .text.vListInitialise
                0x10009068       0x18 CMakeFiles/event_logger.dir/FreeRTOS-Kernel/list.c.o
                0x10009068                vListInitialise
 .text.vListInitialiseItem
                0x10009080        0x8 CMakeFiles/event_logger.dir/FreeRTOS-Kernel/list.c.o
                0x10009080                vListInitialiseItem
 .text.vListInsert
                0x10009088       0x30 CMakeFiles/event_logger.dir/FreeRTOS-Kernel/list.c.o
                0x10009088                vListInsert
 .text.uxListRemove
                0x100090b8       0x20 CMakeFiles/event_logger.dir/FreeRTOS-Kernel/list.c.o
                0x100090b8                uxListRemove
 .text.xQueueGenericCreate
                0x100090d8       0x9c CMakeFiles/event_logger.dir/FreeRTOS-Kernel/queue.c.o
                0x100090d8                xQueueGenericCreate
 .text.xQueueGenericSendFromISR
                0x10009174      0x12c CMakeFiles/event_logger.dir/FreeRTOS-Kernel/queue.c.o
                0x10009174                xQueueGenericSendFromISR
 .text.xQueueReceive
                0x100092a0      0x2b4 CMakeFiles/event_logger.dir/FreeRTOS-Kernel/queue.c.o
                0x100092a0                xQueueReceive
 .text.vQueueAddToRegistry
                0x10009554      0x118 CMakeFiles/event_logger.dir/FreeRTOS-Kernel/queue.c.o
                0x10009554                vQueueAddToRegistry
 .text.vQueueWaitForMessageRestricted
                0x1000966c       0xd0 CMakeFiles/event_logger.dir/FreeRTOS-Kernel/queue.c.o
                0x1000966c                vQueueWaitForMessageRestricted
 .text.prvAddNewTaskToReadyList
                0x1000973c      0x114 CMakeFiles/event_logger.dir/FreeRTOS-Kernel/tasks.c.o
 .text.prvCreateTask
                0x10009850      0x130 CMakeFiles/event_logger.dir/FreeRTOS-Kernel/tasks.c.o
 .text.prvIdleTask
                0x10009980       0x60 CMakeFiles/event_logger.dir/FreeRTOS-Kernel/tasks.c.o
 .text.xTaskIncrementTick.part.0
                0x100099e0      0x190 CMakeFiles/event_logger.dir/FreeRTOS-Kernel/tasks.c.o
 .text.xTaskCreate
                0x10009b70       0x24 CMakeFiles/event_logger.dir/FreeRTOS-Kernel/tasks.c.o
                0x10009b70                xTaskCreate
 .text.vTaskStartScheduler
                0x10009b94       0x74 CMakeFiles/event_logger.dir/FreeRTOS-Kernel/tasks.c.o
                0x10009b94                vTaskStartScheduler
 .text.vTaskSuspendAll
                0x10009c08       0x10 CMakeFiles/event_logger.dir/FreeRTOS-Kernel/tasks.c.o
                0x10009c08                vTaskSuspendAll
 .text.xTaskResumeAll
                0x10009c18      0x188 CMakeFiles/event_logger.dir/FreeRTOS-Kernel/tasks.c.o
                0x10009c18                xTaskResumeAll
 .text.vTaskDelay
                0x10009da0       0x7c CMakeFiles/event_logger.dir/FreeRTOS-Kernel/tasks.c.o
                0x10009da0                vTaskDelay
 .text.xTaskGetTickCount
                0x10009e1c        0xc CMakeFiles/event_logger.dir/FreeRTOS-Kernel/tasks.c.o
                0x10009e1c                xTaskGetTickCount
 .text.uxTaskGetNumberOfTasks
                0x10009e28        0xc CMakeFiles/event_logger.dir/FreeRTOS-Kernel/tasks.c.o
                0x10009e28                uxTaskGetNumberOfTasks
 .text.xTaskIncrementTick
                0x10009e34       0x24 CMakeFiles/event_logger.dir/FreeRTOS-Kernel/tasks.c.o
                0x10009e34                xTaskIncrementTick
 .text.vTaskSwitchContext
                0x10009e58       0xe0 CMakeFiles/event_logger.dir/FreeRTOS-Kernel/tasks.c.o
                0x10009e58                vTaskSwitchContext
 .text.vTaskPlaceOnEventList
                0x10009f38       0x68 CMakeFiles/event_logger.dir/FreeRTOS-Kernel/tasks.c.o
                0x10009f38                vTaskPlaceOnEventList
 .text.vTaskPlaceOnUnorderedEventList
                0x10009fa0       0x8c CMakeFiles/event_logger.dir/FreeRTOS-Kernel/tasks.c.o
                0x10009fa0                vTaskPlaceOnUnorderedEventList
 .text.vTaskPlaceOnEventListRestricted
                0x1000a02c       0x8c CMakeFiles/event_logger.dir/FreeRTOS-Kernel/tasks.c.o
                0x1000a02c                vTaskPlaceOnEventListRestricted
 .text.xTaskRemoveFromEventList
                0x1000a0b8       0xcc CMakeFiles/event_logger.dir/FreeRTOS-Kernel/tasks.c.o
                0x1000a0b8                xTaskRemoveFromEventList
 .text.vTaskRemoveFromUnorderedEventList
                0x1000a184       0x94 CMakeFiles/event_logger.dir/FreeRTOS-Kernel/tasks.c.o
                0x1000a184                vTaskRemoveFromUnorderedEventList
 .text.vTaskInternalSetTimeOutState
                0x1000a218       0x18 CMakeFiles/event_logger.dir/FreeRTOS-Kernel/tasks.c.o
                0x1000a218                vTaskInternalSetTimeOutState
 .text.xTaskCheckForTimeOut
                0x1000a230       0x50 CMakeFiles/event_logger.dir/FreeRTOS-Kernel/tasks.c.o
                0x1000a230                xTaskCheckForTimeOut
 .text.vTaskMissedYield
                0x1000a280        0xc CMakeFiles/event_logger.dir/FreeRTOS-Kernel/tasks.c.o
                0x1000a280                vTaskMissedYield
 .text.xTaskGetCurrentTaskHandle
                0x1000a28c        0xc CMakeFiles/event_logger.dir/FreeRTOS-Kernel/tasks.c.o
                0x1000a28c                xTaskGetCurrentTaskHandle
 .text.xTaskPriorityDisinherit
                0x1000a298       0x64 CMakeFiles/event_logger.dir/FreeRTOS-Kernel/tasks.c.o
                0x1000a298                xTaskPriorityDisinherit
 .text.uxTaskResetEventItemValue
                0x1000a2fc       0x18 CMakeFiles/event_logger.dir/FreeRTOS-Kernel/tasks.c.o
                0x1000a2fc                uxTaskResetEventItemValue
 .text.prvTimerTask
                0x1000a314      0x3b4 CMakeFiles/event_logger.dir/FreeRTOS-Kernel/timers.c.o
 .text.xTimerCreateTimerTask
                0x1000a6c8       0x8c CMakeFiles/event_logger.dir/FreeRTOS-Kernel/timers.c.o
                0x1000a6c8                xTimerCreateTimerTask
 .text.xTimerPendFunctionCallFromISR
                0x1000a754       0x28 CMakeFiles/event_logger.dir/FreeRTOS-Kernel/timers.c.o
                0x1000a754                xTimerPendFunctionCallFromISR
 .text.exception_set_exclusive_handler
                0x1000a77c       0x48 CMakeFiles/event_logger.dir/home/kazu/mint/pico/pico-sdk/src/rp2_common/hardware_exception/exception.c.o
                0x1000a77c                exception_set_exclusive_handler
 .text.pvPortMalloc
                0x1000a7c4      0x134 CMakeFiles/event_logger.dir/FreeRTOS-Kernel/portable/MemMang/heap_4.c.o
                0x1000a7c4                pvPortMalloc
 .text.vPortFree
                0x1000a8f8       0x98 CMakeFiles/event_logger.dir/FreeRTOS-Kernel/portable/MemMang/heap_4.c.o
                0x1000a8f8                vPortFree
 .text.dma_channel_unclaim
                0x1000a990       0x14 CMakeFiles/event_logger.dir/home/kazu/mint/pico/pico-sdk/src/rp2_common/hardware_dma/dma.c.o
                0x1000a990                dma_channel_unclaim
 .text.dma_claim_unused_channel
                0x1000a9a4       0x24 CMakeFiles/event_logger.dir/home/kazu/mint/pico/pico-sdk/src/rp2_common/hardware_dma/dma.c.o
                0x1000a9a4                dma_claim_unused_channel
 .text.spi_init
                0x1000a9c8      0x13c CMakeFiles/event_logger.dir/home/kazu/mint/pico/pico-sdk/src/rp2_common/hardware_spi/spi.c.o
                0x1000a9c8                spi_init
 .text.__cxa_guard_acquire
                0x1000ab04       0x38 /usr/lib/gcc/arm-none-eabi/13.2.1/../../../arm-none-eabi/lib/thumb/v6-m/nofp/libstdc++.a(guard.o)
                0x1000ab04                __cxa_guard_acquire
 .text.__cxa_guard_release
                0x1000ab3c        0x8 /usr/lib/gcc/arm-none-eabi/13.2.1/../../../arm-none-eabi/lib/thumb/v6-m/nofp/libstdc++.a(guard.o)
                0x1000ab3c                __cxa_guard_release
 .text._ZN9__gnu_cxx20recursive_init_errorD2Ev
                0x1000ab44       0x14 /usr/lib/gcc/arm-none-eabi/13.2.1/../../../arm-none-eabi/lib/thumb/v6-m/nofp/libstdc++.a(guard_error.o)
                0x1000ab44                __gnu_cxx::recursive_init_error::~recursive_init_error()
                0x1000ab44                __gnu_cxx::recursive_init_error::~recursive_init_error()
 .text._ZN9__gnu_cxx20recursive_init_errorD0Ev
                0x1000ab58       0x1c /usr/lib/gcc/arm-none-eabi/13.2.1/../../../arm-none-eabi/lib/thumb/v6-m/nofp/libstdc++.a(guard_error.o)
                0x1000ab58                __gnu_cxx::recursive_init_error::~recursive_init_error()
 .text._ZN9__gnu_cxx20recursive_init_errorC2Ev
                0x1000ab74        0xc /usr/lib/gcc/arm-none-eabi/13.2.1/../../../arm-none-eabi/lib/thumb/v6-m/nofp/libstdc++.a(guard_error.o)
                0x1000ab74                __gnu_cxx::recursive_init_error::recursive_init_error()
                0x1000ab74                __gnu_cxx::recursive_init_error::recursive_init_error()
 .text._ZN10__cxxabiv120__si_class_type_infoD2Ev
                0x1000ab80       0x14 /usr/lib/gcc/arm-none-eabi/13.2.1/../../../arm-none-eabi/lib/thumb/v6-m/nofp/libstdc++.a(si_class_type_info.o)
                0x1000ab80                __cxxabiv1::__si_class_type_info::~__si_class_type_info()
                0x1000ab80                __cxxabiv1::__si_class_type_info::~__si_class_type_info()
 .text._ZN10__cxxabiv120__si_class_type_infoD0Ev
                0x1000ab94       0x1c /usr/lib/gcc/arm-none-eabi/13.2.1/../../../arm-none-eabi/lib/thumb/v6-m/nofp/libstdc++.a(si_class_type_info.o)
                0x1000ab94                __cxxabiv1::__si_class_type_info::~__si_class_type_info()
 .text._ZNK10__cxxabiv120__si_class_type_info20__do_find_public_srcEiPKvPKNS_17__class_type_infoES2_
                0x1000abb0       0x38 /usr/lib/gcc/arm-none-eabi/13.2.1/../../../arm-none-eabi/lib/thumb/v6-m/nofp/libstdc++.a(si_class_type_info.o)
                0x1000abb0                __cxxabiv1::__si_class_type_info::__do_find_public_src(int, void const*, __cxxabiv1::__class_type_info const*, void const*) const
 .text._ZNK10__cxxabiv120__si_class_type_info12__do_dyncastEiNS_17__class_type_info10__sub_kindEPKS1_PKvS4_S6_RNS1_16__dyncast_resultE
                0x1000abe8       0x88 /usr/lib/gcc/arm-none-eabi/13.2.1/../../../arm-none-eabi/lib/thumb/v6-m/nofp/libstdc++.a(si_class_type_info.o)
                0x1000abe8                __cxxabiv1::__si_class_type_info::__do_dyncast(int, __cxxabiv1::__class_type_info::__sub_kind, __cxxabiv1::__class_type_info const*, void const*, __cxxabiv1::__class_type_info const*, void const*, __cxxabiv1::__class_type_info::__dyncast_result&) const
 .text._ZNK10__cxxabiv120__si_class_type_info11__do_upcastEPKNS_17__class_type_infoEPKvRNS1_15__upcast_resultE
                0x1000ac70       0x24 /usr/lib/gcc/arm-none-eabi/13.2.1/../../../arm-none-eabi/lib/thumb/v6-m/nofp/libstdc++.a(si_class_type_info.o)
                0x1000ac70                __cxxabiv1::__si_class_type_info::__do_upcast(__cxxabiv1::__class_type_info const*, void const*, __cxxabiv1::__class_type_info::__upcast_result&) const
 .text._ZNSt9type_infoD2Ev
                0x1000ac94        0x4 /usr/lib/gcc/arm-none-eabi/13.2.1/../../../arm-none-eabi/lib/thumb/v6-m/nofp/libstdc++.a(tinfo.o)
                0x1000ac94                std::type_info::~type_info()
                0x1000ac94                std::type_info::~type_info()
 .text._ZNKSt9type_info14__is_pointer_pEv
                0x1000ac98        0x4 /usr/lib/gcc/arm-none-eabi/13.2.1/../../../arm-none-eabi/lib/thumb/v6-m/nofp/libstdc++.a(tinfo.o)
                0x1000ac98                std::type_info::__is_function_p() const
                0x1000ac98                std::type_info::__is_pointer_p() const
 .text._ZNKSt9type_infoeqERKS_
                0x1000ac9c       0x30 /usr/lib/gcc/arm-none-eabi/13.2.1/../../../arm-none-eabi/lib/thumb/v6-m/nofp/libstdc++.a(tinfo.o)
                0x1000ac9c                std::type_info::__equal(std::type_info const&) const
                0x1000ac9c                std::type_info::operator==(std::type_info const&) const
 .text._ZNK10__cxxabiv117__class_type_info11__do_upcastEPKS0_PPv
                0x1000accc       0x34 /usr/lib/gcc/arm-none-eabi/13.2.1/../../../arm-none-eabi/lib/thumb/v6-m/nofp/libstdc++.a(class_type_info.o)
                0x1000accc                __cxxabiv1::__class_type_info::__do_upcast(__cxxabiv1::__class_type_info const*, void**) const
 .text._ZNK10__cxxabiv117__class_type_info20__do_find_public_srcEiPKvPKS0_S2_
                0x1000ad00       0x14 /usr/lib/gcc/arm-none-eabi/13.2.1/../../../arm-none-eabi/lib/thumb/v6-m/nofp/libstdc++.a(class_type_info.o)
                0x1000ad00                __cxxabiv1::__class_type_info::__do_find_public_src(int, void const*, __cxxabiv1::__class_type_info const*, void const*) const
 .text._ZN10__cxxabiv117__class_type_infoD2Ev
                0x1000ad14       0x14 /usr/lib/gcc/arm-none-eabi/13.2.1/../../../arm-none-eabi/lib/thumb/v6-m/nofp/libstdc++.a(class_type_info.o)
                0x1000ad14                __cxxabiv1::__class_type_info::~__class_type_info()
                0x1000ad14                __cxxabiv1::__class_type_info::~__class_type_info()
 .text._ZN10__cxxabiv117__class_type_infoD0Ev
                0x1000ad28       0x1c /usr/lib/gcc/arm-none-eabi/13.2.1/../../../arm-none-eabi/lib/thumb/v6-m/nofp/libstdc++.a(class_type_info.o)
                0x1000ad28                __cxxabiv1::__class_type_info::~__class_type_info()
 .text._ZNK10__cxxabiv117__class_type_info12__do_dyncastEiNS0_10__sub_kindEPKS0_PKvS3_S5_RNS0_16__dyncast_resultE
                0x1000ad44       0x40 /usr/lib/gcc/arm-none-eabi/13.2.1/../../../arm-none-eabi/lib/thumb/v6-m/nofp/libstdc++.a(class_type_info.o)
                0x1000ad44                __cxxabiv1::__class_type_info::__do_dyncast(int, __cxxabiv1::__class_type_info::__sub_kind, __cxxabiv1::__class_type_info const*, void const*, __cxxabiv1::__class_type_info const*, void const*, __cxxabiv1::__class_type_info::__dyncast_result&) const
 .text._ZNK10__cxxabiv117__class_type_info11__do_upcastEPKS0_PKvRNS0_15__upcast_resultE
                0x1000ad84       0x1c /usr/lib/gcc/arm-none-eabi/13.2.1/../../../arm-none-eabi/lib/thumb/v6-m/nofp/libstdc++.a(class_type_info.o)
                0x1000ad84                __cxxabiv1::__class_type_info::__do_upcast(__cxxabiv1::__class_type_info const*, void const*, __cxxabiv1::__class_type_info::__upcast_result&) const
 .text._ZNK10__cxxabiv117__class_type_info10__do_catchEPKSt9type_infoPPvj
                0x1000ada0       0x24 /usr/lib/gcc/arm-none-eabi/13.2.1/../../../arm-none-eabi/lib/thumb/v6-m/nofp/libstdc++.a(class_type_info.o)
                0x1000ada0                __cxxabiv1::__class_type_info::__do_catch(std::type_info const*, void**, unsigned int) const
 .text._ZN12_GLOBAL__N_14pool4freeEPv.constprop.0
                0x1000adc4       0x6c /usr/lib/gcc/arm-none-eabi/13.2.1/../../../arm-none-eabi/lib/thumb/v6-m/nofp/libstdc++.a(eh_alloc.o)
 .text._ZN12_GLOBAL__N_14pool8allocateEj.constprop.0
                0x1000ae30       0x50 /usr/lib/gcc/arm-none-eabi/13.2.1/../../../arm-none-eabi/lib/thumb/v6-m/nofp/libstdc++.a(eh_alloc.o)
 .text.__cxa_allocate_exception
                0x1000ae80       0x2c /usr/lib/gcc/arm-none-eabi/13.2.1/../../../arm-none-eabi/lib/thumb/v6-m/nofp/libstdc++.a(eh_alloc.o)
                0x1000ae80                __cxa_allocate_exception
 .text.__cxa_free_exception
                0x1000aeac       0x24 /usr/lib/gcc/arm-none-eabi/13.2.1/../../../arm-none-eabi/lib/thumb/v6-m/nofp/libstdc++.a(eh_alloc.o)
                0x1000aeac                __cxa_free_exception
 .text.startup._GLOBAL__sub_I__ZN9__gnu_cxx9__freeresEv
                0x1000aed0      0x10c /usr/lib/gcc/arm-none-eabi/13.2.1/../../../arm-none-eabi/lib/thumb/v6-m/nofp/libstdc++.a(eh_alloc.o)
 .text._ZNSt9exceptionD2Ev
                0x1000afdc        0x4 /usr/lib/gcc/arm-none-eabi/13.2.1/../../../arm-none-eabi/lib/thumb/v6-m/nofp/libstdc++.a(eh_exception.o)
                0x1000afdc                std::exception::~exception()
                0x1000afdc                std::exception::~exception()
 .text._ZNSt13bad_exceptionD2Ev
                0x1000afe0        0x4 /usr/lib/gcc/arm-none-eabi/13.2.1/../../../arm-none-eabi/lib/thumb/v6-m/nofp/libstdc++.a(eh_exception.o)
                0x1000afe0                std::bad_exception::~bad_exception()
                0x1000afe0                std::bad_exception::~bad_exception()
 .text._ZNKSt9exception4whatEv
                0x1000afe4        0x8 /usr/lib/gcc/arm-none-eabi/13.2.1/../../../arm-none-eabi/lib/thumb/v6-m/nofp/libstdc++.a(eh_exception.o)
                0x1000afe4                transaction clone for std::exception::what() const
                0x1000afe4                std::exception::what() const
 .text._ZNKSt13bad_exception4whatEv
                0x1000afec        0x8 /usr/lib/gcc/arm-none-eabi/13.2.1/../../../arm-none-eabi/lib/thumb/v6-m/nofp/libstdc++.a(eh_exception.o)
                0x1000afec                transaction clone for std::bad_exception::what() const
                0x1000afec                std::bad_exception::what() const
 .text._ZNSt13bad_exceptionD0Ev
                0x1000aff4       0x10 /usr/lib/gcc/arm-none-eabi/13.2.1/../../../arm-none-eabi/lib/thumb/v6-m/nofp/libstdc++.a(eh_exception.o)
                0x1000aff4                std::bad_exception::~bad_exception()
 .text._ZN10__cxxabiv111__terminateEPFvvE
                0x1000b004       0x10 /usr/lib/gcc/arm-none-eabi/13.2.1/../../../arm-none-eabi/lib/thumb/v6-m/nofp/libstdc++.a(eh_terminate.o)
                0x1000b004                __cxxabiv1::__terminate(void (*)())
 .text._ZSt9terminatev
                0x1000b014       0x10 /usr/lib/gcc/arm-none-eabi/13.2.1/../../../arm-none-eabi/lib/thumb/v6-m/nofp/libstdc++.a(eh_terminate.o)
                0x1000b014                std::terminate()
 .text._ZN10__cxxabiv112__unexpectedEPFvvE
                0x1000b024        0x8 /usr/lib/gcc/arm-none-eabi/13.2.1/../../../arm-none-eabi/lib/thumb/v6-m/nofp/libstdc++.a(eh_terminate.o)
                0x1000b024                __cxxabiv1::__unexpected(void (*)())
 .text._ZSt10unexpectedv
                0x1000b02c       0x10 /usr/lib/gcc/arm-none-eabi/13.2.1/../../../arm-none-eabi/lib/thumb/v6-m/nofp/libstdc++.a(eh_terminate.o)
                0x1000b02c                std::unexpected()
 .text._ZSt13get_terminatev
                0x1000b03c        0xc /usr/lib/gcc/arm-none-eabi/13.2.1/../../../arm-none-eabi/lib/thumb/v6-m/nofp/libstdc++.a(eh_terminate.o)
                0x1000b03c                std::get_terminate()
 .text._ZSt14get_unexpectedv
                0x1000b048        0xc /usr/lib/gcc/arm-none-eabi/13.2.1/../../../arm-none-eabi/lib/thumb/v6-m/nofp/libstdc++.a(eh_terminate.o)
                0x1000b048                std::get_unexpected()
 .text._ZL23__gxx_exception_cleanup19_Unwind_Reason_CodeP21_Unwind_Control_Block
                0x1000b054       0x34 /usr/lib/gcc/arm-none-eabi/13.2.1/../../../arm-none-eabi/lib/thumb/v6-m/nofp/libstdc++.a(eh_throw.o)
 .text.__cxa_init_primary_exception
                0x1000b088       0x4c /usr/lib/gcc/arm-none-eabi/13.2.1/../../../arm-none-eabi/lib/thumb/v6-m/nofp/libstdc++.a(eh_throw.o)
                0x1000b088                __cxa_init_primary_exception
 .text.__cxa_throw
                0x1000b0d4       0x34 /usr/lib/gcc/arm-none-eabi/13.2.1/../../../arm-none-eabi/lib/thumb/v6-m/nofp/libstdc++.a(eh_throw.o)
                0x1000b0d4                __cxa_throw
 .text.__cxa_rethrow
                0x1000b108       0x70 /usr/lib/gcc/arm-none-eabi/13.2.1/../../../arm-none-eabi/lib/thumb/v6-m/nofp/libstdc++.a(eh_throw.o)
                0x1000b108                __cxa_rethrow
 .text.__cxa_begin_catch
                0x1000b178       0x74 /usr/lib/gcc/arm-none-eabi/13.2.1/../../../arm-none-eabi/lib/thumb/v6-m/nofp/libstdc++.a(eh_catch.o)
                0x1000b178                __cxa_begin_catch
 .text.__cxa_end_catch
                0x1000b1ec       0x90 /usr/lib/gcc/arm-none-eabi/13.2.1/../../../arm-none-eabi/lib/thumb/v6-m/nofp/libstdc++.a(eh_catch.o)
                0x1000b1ec                __cxa_end_catch
 .text.__cxa_get_globals_fast
                0x1000b27c        0x8 /usr/lib/gcc/arm-none-eabi/13.2.1/../../../arm-none-eabi/lib/thumb/v6-m/nofp/libstdc++.a(eh_globals.o)
                0x1000b27c                __cxa_get_globals_fast
 .text.__cxa_get_globals
                0x1000b284        0x8 /usr/lib/gcc/arm-none-eabi/13.2.1/../../../arm-none-eabi/lib/thumb/v6-m/nofp/libstdc++.a(eh_globals.o)
                0x1000b284                __cxa_get_globals
 .text._ZL28read_encoded_value_with_basehjPKhPj
                0x1000b28c      0x104 /usr/lib/gcc/arm-none-eabi/13.2.1/../../../arm-none-eabi/lib/thumb/v6-m/nofp/libstdc++.a(eh_personality.o)
 .text._ZL21base_of_encoded_valuehP15_Unwind_Context
                0x1000b390       0x40 /usr/lib/gcc/arm-none-eabi/13.2.1/../../../arm-none-eabi/lib/thumb/v6-m/nofp/libstdc++.a(eh_personality.o)
 .text._ZL17parse_lsda_headerP15_Unwind_ContextPKhP16lsda_header_info
                0x1000b3d0       0x94 /usr/lib/gcc/arm-none-eabi/13.2.1/../../../arm-none-eabi/lib/thumb/v6-m/nofp/libstdc++.a(eh_personality.o)
 .text.__gxx_personality_v0
                0x1000b464      0x4b4 /usr/lib/gcc/arm-none-eabi/13.2.1/../../../arm-none-eabi/lib/thumb/v6-m/nofp/libstdc++.a(eh_personality.o)
                0x1000b464                __gxx_personality_v0
 .text.__cxa_end_cleanup
                0x1000b918        0xc /usr/lib/gcc/arm-none-eabi/13.2.1/../../../arm-none-eabi/lib/thumb/v6-m/nofp/libstdc++.a(eh_arm.o)
                0x1000b918                __cxa_end_cleanup
 .text.__cxa_type_match
                0x1000b924       0xc0 /usr/lib/gcc/arm-none-eabi/13.2.1/../../../arm-none-eabi/lib/thumb/v6-m/nofp/libstdc++.a(eh_arm.o)
                0x1000b924                __cxa_type_match
 .text.__cxa_begin_cleanup
                0x1000b9e4       0x60 /usr/lib/gcc/arm-none-eabi/13.2.1/../../../arm-none-eabi/lib/thumb/v6-m/nofp/libstdc++.a(eh_arm.o)
                0x1000b9e4                __cxa_begin_cleanup
 .text.__gnu_end_cleanup
                0x1000ba44       0x70 /usr/lib/gcc/arm-none-eabi/13.2.1/../../../arm-none-eabi/lib/thumb/v6-m/nofp/libstdc++.a(eh_arm.o)
                0x1000ba44                __gnu_end_cleanup
 .text._ZN10__cxxabiv1L24__is_gxx_exception_classEPc
                0x1000bab4       0x3c /usr/lib/gcc/arm-none-eabi/13.2.1/../../../arm-none-eabi/lib/thumb/v6-m/nofp/libstdc++.a(eh_call.o)
 .text.__cxa_call_terminate
                0x1000baf0       0x20 /usr/lib/gcc/arm-none-eabi/13.2.1/../../../arm-none-eabi/lib/thumb/v6-m/nofp/libstdc++.a(eh_call.o)
                0x1000baf0                __cxa_call_terminate
 .text.unlikely.__cxa_call_unexpected
                0x1000bb10       0xfc /usr/lib/gcc/arm-none-eabi/13.2.1/../../../arm-none-eabi/lib/thumb/v6-m/nofp/libstdc++.a(eh_call.o)
                0x1000bb10                __cxa_call_unexpected
 .text          0x1000bc0c       0x30 /usr/lib/gcc/arm-none-eabi/13.2.1/../../../arm-none-eabi/lib/thumb/v6-m/nofp/libg.a(libc_a-getenv.o)
                0x1000bc0c                _findenv
                0x1000bc24                getenv
 .text          0x1000bc3c       0xc4 /usr/lib/gcc/arm-none-eabi/13.2.1/../../../arm-none-eabi/lib/thumb/v6-m/nofp/libg.a(libc_a-strchr.o)
                0x1000bc3c                strchr
 .text          0x1000bd00       0x88 /usr/lib/gcc/arm-none-eabi/13.2.1/../../../arm-none-eabi/lib/thumb/v6-m/nofp/libg.a(libc_a-strcmp.o)
                0x1000bd00                strcmp
 .text          0x1000bd88      0x17c /usr/lib/gcc/arm-none-eabi/13.2.1/../../../arm-none-eabi/lib/thumb/v6-m/nofp/libg.a(libc_a-strtoul.o)
                0x1000becc                _strtoul_r
                0x1000bed4                strtoul_l
                0x1000beec                strtoul
 .text          0x1000bf04       0x10 /usr/lib/gcc/arm-none-eabi/13.2.1/../../../arm-none-eabi/lib/thumb/v6-m/nofp/libg.a(libc_a-abort.o)
                0x1000bf04                abort
 .text          0x1000bf14      0x5b4 /usr/lib/gcc/arm-none-eabi/13.2.1/../../../arm-none-eabi/lib/thumb/v6-m/nofp/libg.a(libc_a-mallocr.o)
                0x1000bf14                _malloc_r
 .text          0x1000c4c8      0x288 /usr/lib/gcc/arm-none-eabi/13.2.1/../../../arm-none-eabi/lib/thumb/v6-m/nofp/libg.a(libc_a-freer.o)
                0x1000c4c8                _malloc_trim_r
                0x1000c57c                _free_r
 .text          0x1000c750       0x48 /usr/lib/gcc/arm-none-eabi/13.2.1/../../../arm-none-eabi/lib/thumb/v6-m/nofp/libg.a(libc_a-memcmp.o)
                0x1000c750                memcmp
 .text          0x1000c798       0x28 /usr/lib/gcc/arm-none-eabi/13.2.1/../../../arm-none-eabi/lib/thumb/v6-m/nofp/libg.a(libc_a-malloc.o)
                0x1000c798                malloc
                0x1000c7ac                free
 .text          0x1000c7c0       0x1c /usr/lib/gcc/arm-none-eabi/13.2.1/../../../arm-none-eabi/lib/thumb/v6-m/nofp/libg.a(libc_a-sysconf.o)
                0x1000c7c0                sysconf
 .text          0x1000c7dc       0x9c /usr/lib/gcc/arm-none-eabi/13.2.1/../../../arm-none-eabi/lib/thumb/v6-m/nofp/libg.a(libc_a-getenv_r.o)
                0x1000c7dc                _findenv_r
                0x1000c868                _getenv_r
 .text          0x1000c878        0x8 /usr/lib/gcc/arm-none-eabi/13.2.1/../../../arm-none-eabi/lib/thumb/v6-m/nofp/libg.a(libc_a-mlock.o)
                0x1000c878                __malloc_lock
                0x1000c87c                __malloc_unlock
 .text          0x1000c880       0x10 /usr/lib/gcc/arm-none-eabi/13.2.1/../../../arm-none-eabi/lib/thumb/v6-m/nofp/libg.a(libc_a-atexit.o)
                0x1000c880                atexit